Archive member included to satisfy reference by file (symbol)

../Middlewares/ST/ARM/DSP/Lib\libarm_cortexM4lf_math.a(arm_max_f32.o)
                              ./Core/Src/main.o (arm_max_f32)
../Middlewares/ST/ARM/DSP/Lib\libarm_cortexM4lf_math.a(arm_rfft_fast_init_f32.o)
                              ./Core/Src/main.o (arm_rfft_fast_init_f32)
../Middlewares/ST/ARM/DSP/Lib\libarm_cortexM4lf_math.a(arm_rfft_fast_f32.o)
                              ./Core/Src/main.o (arm_rfft_fast_f32)
../Middlewares/ST/ARM/DSP/Lib\libarm_cortexM4lf_math.a(arm_cfft_f32.o)
                              ../Middlewares/ST/ARM/DSP/Lib\libarm_cortexM4lf_math.a(arm_rfft_fast_f32.o) (arm_cfft_f32)
../Middlewares/ST/ARM/DSP/Lib\libarm_cortexM4lf_math.a(arm_bitreversal2.o)
                              ../Middlewares/ST/ARM/DSP/Lib\libarm_cortexM4lf_math.a(arm_cfft_f32.o) (arm_bitreversal_32)
../Middlewares/ST/ARM/DSP/Lib\libarm_cortexM4lf_math.a(arm_cmplx_mag_f32.o)
                              ./Core/Src/main.o (arm_cmplx_mag_f32)
../Middlewares/ST/ARM/DSP/Lib\libarm_cortexM4lf_math.a(arm_common_tables.o)
                              ../Middlewares/ST/ARM/DSP/Lib\libarm_cortexM4lf_math.a(arm_rfft_fast_init_f32.o) (twiddleCoef_rfft_4096)
../Middlewares/ST/ARM/DSP/Lib\libarm_cortexM4lf_math.a(arm_cfft_init_f32.o)
                              ../Middlewares/ST/ARM/DSP/Lib\libarm_cortexM4lf_math.a(arm_rfft_fast_init_f32.o) (arm_cfft_init_f32)
../Middlewares/ST/ARM/DSP/Lib\libarm_cortexM4lf_math.a(arm_cfft_radix8_f32.o)
                              ../Middlewares/ST/ARM/DSP/Lib\libarm_cortexM4lf_math.a(arm_cfft_f32.o) (arm_radix8_butterfly_f32)
../Middlewares/ST/ARM/DSP/Lib\libarm_cortexM4lf_math.a(arm_const_structs.o)
                              ../Middlewares/ST/ARM/DSP/Lib\libarm_cortexM4lf_math.a(arm_cfft_init_f32.o) (arm_cfft_sR_f32_len4096)
C:/ST/STM32CubeIDE_1.18.0/STM32CubeIDE/plugins/com.st.stm32cube.ide.mcu.externaltools.gnu-tools-for-stm32.13.3.rel1.win32_1.0.0.202411081344/tools/bin/../lib/gcc/arm-none-eabi/13.3.1/../../../../arm-none-eabi/lib/thumb/v7e-m+fp/hard\libc_nano.a(libc_a-exit.o)
                              C:/ST/STM32CubeIDE_1.18.0/STM32CubeIDE/plugins/com.st.stm32cube.ide.mcu.externaltools.gnu-tools-for-stm32.13.3.rel1.win32_1.0.0.202411081344/tools/bin/../lib/gcc/arm-none-eabi/13.3.1/../../../../arm-none-eabi/lib/thumb/v7e-m+fp/hard/crt0.o (exit)
C:/ST/STM32CubeIDE_1.18.0/STM32CubeIDE/plugins/com.st.stm32cube.ide.mcu.externaltools.gnu-tools-for-stm32.13.3.rel1.win32_1.0.0.202411081344/tools/bin/../lib/gcc/arm-none-eabi/13.3.1/../../../../arm-none-eabi/lib/thumb/v7e-m+fp/hard\libc_nano.a(libc_a-findfp.o)
                              C:/ST/STM32CubeIDE_1.18.0/STM32CubeIDE/plugins/com.st.stm32cube.ide.mcu.externaltools.gnu-tools-for-stm32.13.3.rel1.win32_1.0.0.202411081344/tools/bin/../lib/gcc/arm-none-eabi/13.3.1/../../../../arm-none-eabi/lib/thumb/v7e-m+fp/hard\libc_nano.a(libc_a-exit.o) (__stdio_exit_handler)
C:/ST/STM32CubeIDE_1.18.0/STM32CubeIDE/plugins/com.st.stm32cube.ide.mcu.externaltools.gnu-tools-for-stm32.13.3.rel1.win32_1.0.0.202411081344/tools/bin/../lib/gcc/arm-none-eabi/13.3.1/../../../../arm-none-eabi/lib/thumb/v7e-m+fp/hard\libc_nano.a(libc_a-fwalk.o)
                              C:/ST/STM32CubeIDE_1.18.0/STM32CubeIDE/plugins/com.st.stm32cube.ide.mcu.externaltools.gnu-tools-for-stm32.13.3.rel1.win32_1.0.0.202411081344/tools/bin/../lib/gcc/arm-none-eabi/13.3.1/../../../../arm-none-eabi/lib/thumb/v7e-m+fp/hard\libc_nano.a(libc_a-findfp.o) (_fwalk_sglue)
C:/ST/STM32CubeIDE_1.18.0/STM32CubeIDE/plugins/com.st.stm32cube.ide.mcu.externaltools.gnu-tools-for-stm32.13.3.rel1.win32_1.0.0.202411081344/tools/bin/../lib/gcc/arm-none-eabi/13.3.1/../../../../arm-none-eabi/lib/thumb/v7e-m+fp/hard\libc_nano.a(libc_a-snprintf.o)
                              ./Core/Src/main.o (snprintf)
C:/ST/STM32CubeIDE_1.18.0/STM32CubeIDE/plugins/com.st.stm32cube.ide.mcu.externaltools.gnu-tools-for-stm32.13.3.rel1.win32_1.0.0.202411081344/tools/bin/../lib/gcc/arm-none-eabi/13.3.1/../../../../arm-none-eabi/lib/thumb/v7e-m+fp/hard\libc_nano.a(libc_a-stdio.o)
                              C:/ST/STM32CubeIDE_1.18.0/STM32CubeIDE/plugins/com.st.stm32cube.ide.mcu.externaltools.gnu-tools-for-stm32.13.3.rel1.win32_1.0.0.202411081344/tools/bin/../lib/gcc/arm-none-eabi/13.3.1/../../../../arm-none-eabi/lib/thumb/v7e-m+fp/hard\libc_nano.a(libc_a-findfp.o) (__sread)
C:/ST/STM32CubeIDE_1.18.0/STM32CubeIDE/plugins/com.st.stm32cube.ide.mcu.externaltools.gnu-tools-for-stm32.13.3.rel1.win32_1.0.0.202411081344/tools/bin/../lib/gcc/arm-none-eabi/13.3.1/../../../../arm-none-eabi/lib/thumb/v7e-m+fp/hard\libc_nano.a(libc_a-memset.o)
                              C:/ST/STM32CubeIDE_1.18.0/STM32CubeIDE/plugins/com.st.stm32cube.ide.mcu.externaltools.gnu-tools-for-stm32.13.3.rel1.win32_1.0.0.202411081344/tools/bin/../lib/gcc/arm-none-eabi/13.3.1/../../../../arm-none-eabi/lib/thumb/v7e-m+fp/hard/crt0.o (memset)
[...]
Memory Configuration

Name             Origin             Length             Attributes
RAM              0x20000000         0x0000c000         xrw
RAM2             0x10000000         0x00004000         xrw
FLASH            0x08000000         0x00040000         xr
*default*        0x00000000         0xffffffff

Linker script and memory map

LOAD C:/ST/STM32CubeIDE_1.18.0/STM32CubeIDE/plugins/com.st.stm32cube.ide.mcu.externaltools.gnu-tools-for-stm32.13.3.rel1.win32_1.0.0.202411081344/tools/bin/../lib/gcc/arm-none-eabi/13.3.1/thumb/v7e-m+fp/hard/crti.o
LOAD C:/ST/STM32CubeIDE_1.18.0/STM32CubeIDE/plugins/com.st.stm32cube.ide.mcu.externaltools.gnu-tools-for-stm32.13.3.rel1.win32_1.0.0.202411081344/tools/bin/../lib/gcc/arm-none-eabi/13.3.1/thumb/v7e-m+fp/hard/crtbegin.o
LOAD C:/ST/STM32CubeIDE_1.18.0/STM32CubeIDE/plugins/com.st.stm32cube.ide.mcu.externaltools.gnu-tools-for-stm32.13.3.rel1.win32_1.0.0.202411081344/tools/bin/../lib/gcc/arm-none-eabi/13.3.1/../../../../arm-none-eabi/lib/thumb/v7e-m+fp/hard/crt0.o
LOAD ./Core/Src/main.o
LOAD ./Core/Src/stm32l4xx_hal_msp.o
LOAD ./Core/Src/stm32l4xx_it.o
LOAD ./Core/Src/syscalls.o
LOAD ./Core/Src/sysmem.o
LOAD ./Core/Src/system_stm32l4xx.o
LOAD ./Core/Startup/startup_stm32l432kcux.o
LOAD ./Drivers/STM32L4xx_HAL_Driver/Src/stm32l4xx_hal.o
LOAD ./Drivers/STM32L4xx_HAL_Driver/Src/stm32l4xx_hal_adc.o
LOAD ./Drivers/STM32L4xx_HAL_Driver/Src/stm32l4xx_hal_adc_ex.o
LOAD ./Drivers/STM32L4xx_HAL_Driver/Src/stm32l4xx_hal_cortex.o
LOAD ./Drivers/STM32L4xx_HAL_Driver/Src/stm32l4xx_hal_dma.o
LOAD ./Drivers/STM32L4xx_HAL_Driver/Src/stm32l4xx_hal_dma_ex.o
LOAD ./Drivers/STM32L4xx_HAL_Driver/Src/stm32l4xx_hal_exti.o
LOAD ./Drivers/STM32L4xx_HAL_Driver/Src/stm32l4xx_hal_flash.o
LOAD ./Drivers/STM32L4xx_HAL_Driver/Src/stm32l4xx_hal_flash_ex.o
LOAD ./Drivers/STM32L4xx_HAL_Driver/Src/stm32l4xx_hal_flash_ramfunc.o
LOAD ./Drivers/STM32L4xx_HAL_Driver/Src/stm32l4xx_hal_gpio.o
LOAD ./Drivers/STM32L4xx_HAL_Driver/Src/stm32l4xx_hal_i2c.o
LOAD ./Drivers/STM32L4xx_HAL_Driver/Src/stm32l4xx_hal_i2c_ex.o
LOAD ./Drivers/STM32L4xx_HAL_Driver/Src/stm32l4xx_hal_pwr.o
LOAD ./Drivers/STM32L4xx_HAL_Driver/Src/stm32l4xx_hal_pwr_ex.o
LOAD ./Drivers/STM32L4xx_HAL_Driver/Src/stm32l4xx_hal_rcc.o
LOAD ./Drivers/STM32L4xx_HAL_Driver/Src/stm32l4xx_hal_rcc_ex.o
LOAD ./Drivers/STM32L4xx_HAL_Driver/Src/stm32l4xx_hal_uart.o
LOAD ./Drivers/STM32L4xx_HAL_Driver/Src/stm32l4xx_hal_uart_ex.o
LOAD ../Middlewares/ST/ARM/DSP/Lib\libarm_cortexM4lf_math.a
START GROUP
LOAD C:/ST/STM32CubeIDE_1.18.0/STM32CubeIDE/plugins/com.st.stm32cube.ide.mcu.externaltools.gnu-tools-for-stm32.13.3.rel1.win32_1.0.0.202411081344/tools/bin/../lib/gcc/arm-none-eabi/13.3.1/../../../../arm-none-eabi/lib/thumb/v7e-m+fp/hard\libc_nano.a
LOAD C:/ST/STM32CubeIDE_1.18.0/STM32CubeIDE/plugins/com.st.stm32cube.ide.mcu.externaltools.gnu-tools-for-stm32.13.3.rel1.win32_1.0.0.202411081344/tools/bin/../lib/gcc/arm-none-eabi/13.3.1/../../../../arm-none-eabi/lib/thumb/v7e-m+fp/hard\libm.a
END GROUP
START GROUP
LOAD C:/ST/STM32CubeIDE_1.18.0/STM32CubeIDE/plugins/com.st.stm32cube.ide.mcu.externaltools.gnu-tools-for-stm32.13.3.rel1.win32_1.0.0.202411081344/tools/bin/../lib/gcc/arm-none-eabi/13.3.1/thumb/v7e-m+fp/hard\libgcc.a
LOAD C:/ST/STM32CubeIDE_1.18.0/STM32CubeIDE/plugins/com.st.stm32cube.ide.mcu.externaltools.gnu-tools-for-stm32.13.3.rel1.win32_1.0.0.202411081344/tools/bin/../lib/gcc/arm-none-eabi/13.3.1/../../../../arm-none-eabi/lib/thumb/v7e-m+fp/hard\libc_nano.a
END GROUP
START GROUP
LOAD C:/ST/STM32CubeIDE_1.18.0/STM32CubeIDE/plugins/com.st.stm32cube.ide.mcu.externaltools.gnu-tools-for-stm32.13.3.rel1.win32_1.0.0.202411081344/tools/bin/../lib/gcc/arm-none-eabi/13.3.1/thumb/v7e-m+fp/hard\libgcc.a
LOAD C:/ST/STM32CubeIDE_1.18.0/STM32CubeIDE/plugins/com.st.stm32cube.ide.mcu.externaltools.gnu-tools-for-stm32.13.3.rel1.win32_1.0.0.202411081344/tools/bin/../lib/gcc/arm-none-eabi/13.3.1/../../../../arm-none-eabi/lib/thumb/v7e-m+fp/hard\libc_nano.a
LOAD C:/ST/STM32CubeIDE_1.18.0/STM32CubeIDE/plugins/com.st.stm32cube.ide.mcu.externaltools.gnu-tools-for-stm32.13.3.rel1.win32_1.0.0.202411081344/tools/bin/../lib/gcc/arm-none-eabi/13.3.1/../../../../arm-none-eabi/lib/thumb/v7e-m+fp/hard\libnosys.a
END GROUP
START GROUP
LOAD C:/ST/STM32CubeIDE_1.18.0/STM32CubeIDE/plugins/com.st.stm32cube.ide.mcu.externaltools.gnu-tools-for-stm32.13.3.rel1.win32_1.0.0.202411081344/tools/bin/../lib/gcc/arm-none-eabi/13.3.1/thumb/v7e-m+fp/hard\libgcc.a
LOAD C:/ST/STM32CubeIDE_1.18.0/STM32CubeIDE/plugins/com.st.stm32cube.ide.mcu.externaltools.gnu-tools-for-stm32.13.3.rel1.win32_1.0.0.202411081344/tools/bin/../lib/gcc/arm-none-eabi/13.3.1/../../../../arm-none-eabi/lib/thumb/v7e-m+fp/hard\libc_nano.a
LOAD C:/ST/STM32CubeIDE_1.18.0/STM32CubeIDE/plugins/com.st.stm32cube.ide.mcu.externaltools.gnu-tools-for-stm32.13.3.rel1.win32_1.0.0.202411081344/tools/bin/../lib/gcc/arm-none-eabi/13.3.1/../../../../arm-none-eabi/lib/thumb/v7e-m+fp/hard\libnosys.a
END GROUP
LOAD C:/ST/STM32CubeIDE_1.18.0/STM32CubeIDE/plugins/com.st.stm32cube.ide.mcu.externaltools.gnu-tools-for-stm32.13.3.rel1.win32_1.0.0.202411081344/tools/bin/../lib/gcc/arm-none-eabi/13.3.1/thumb/v7e-m+fp/hard/crtend.o
LOAD C:/ST/STM32CubeIDE_1.18.0/STM32CubeIDE/plugins/com.st.stm32cube.ide.mcu.externaltools.gnu-tools-for-stm32.13.3.rel1.win32_1.0.0.202411081344/tools/bin/../lib/gcc/arm-none-eabi/13.3.1/thumb/v7e-m+fp/hard/crtn.o
                0x2000c000                        _estack = (ORIGIN (RAM) + LENGTH (RAM))
                0x00000200                        _Min_Heap_Size = 0x200
                0x00000400                        _Min_Stack_Size = 0x400

.isr_vector     0x08000000      0x18c
                0x08000000                        . = ALIGN (0x4)
 *(.isr_vector)
 .isr_vector    0x08000000      0x18c ./Core/Startup/startup_stm32l432kcux.o
                0x08000000                g_pfnVectors
                0x0800018c                        . = ALIGN (0x4)

.text           0x08000190     0x61f8
                0x08000190                        . = ALIGN (0x4)
 *(.text)
 .text          0x08000190       0x40 C:/ST/STM32CubeIDE_1.18.0/STM32CubeIDE/plugins/com.st.stm32cube.ide.mcu.externaltools.gnu-tools-for-stm32.13.3.rel1.win32_1.0.0.202411081344/tools/bin/../lib/gcc/arm-none-eabi/13.3.1/thumb/v7e-m+fp/hard/crtbegin.o
 .text          0x080001d0       0x10 C:/ST/STM32CubeIDE_1.18.0/STM32CubeIDE/plugins/com.st.stm32cube.ide.mcu.externaltools.gnu-tools-for-stm32.13.3.rel1.win32_1.0.0.202411081344/tools/bin/../lib/gcc/arm-none-eabi/13.3.1/../../../../arm-none-eabi/lib/thumb/v7e-m+fp/hard\libc_nano.a(libc_a-strlen.o)
                0x080001d0                strlen
 .text          0x080001e0       0xa0 C:/ST/STM32CubeIDE_1.18.0/STM32CubeIDE/plugins/com.st.stm32cube.ide.mcu.externaltools.gnu-tools-for-stm32.13.3.rel1.win32_1.0.0.202411081344/tools/bin/../lib/gcc/arm-none-eabi/13.3.1/../../../../arm-none-eabi/lib/thumb/v7e-m+fp/hard\libc_nano.a(libc_a-memchr.o)
                0x080001e0                memchr
 .text          0x08000280       0x30 C:/ST/STM32CubeIDE_1.18.0/STM32CubeIDE/plugins/com.st.stm32cube.ide.mcu.externaltools.gnu-tools-for-stm32.13.3.rel1.win32_1.0.0.202411081344/tools/bin/../lib/gcc/arm-none-eabi/13.3.1/thumb/v7e-m+fp/hard\libgcc.a(_aeabi_uldivmod.o)
                0x08000280                __aeabi_uldivmod
 .text          0x080002b0      0x2f8 C:/ST/STM32CubeIDE_1.18.0/STM32CubeIDE/plugins/com.st.stm32cube.ide.mcu.externaltools.gnu-tools-for-stm32.13.3.rel1.win32_1.0.0.202411081344/tools/bin/../lib/gcc/arm-none-eabi/13.3.1/thumb/v7e-m+fp/hard\libgcc.a(_udivmoddi4.o)
                0x080002b0                __udivmoddi4
 .text          0x080005a8        0x4 C:/ST/STM32CubeIDE_1.18.0/STM32CubeIDE/plugins/com.st.stm32cube.ide.mcu.externaltools.gnu-tools-for-stm32.13.3.rel1.win32_1.0.0.202411081344/tools/bin/../lib/gcc/arm-none-eabi/13.3.1/thumb/v7e-m+fp/hard\libgcc.a(_dvmd_tls.o)
                0x080005a8                __aeabi_idiv0
                0x080005a8                __aeabi_ldiv0
 *(.text*)
 .text.HAL_ADC_ConvCpltCallback
                0x080005ac       0x78 ./Core/Src/main.o
                0x080005ac                HAL_ADC_ConvCpltCallback
 .text.send_uart
                0x08000624       0x2c ./Core/Src/main.o
                0x08000624                send_uart
 .text.main     0x08000650      0x1c4 ./Core/Src/main.o
                0x08000650                main
 .text.SystemClock_Config
                0x08000814       0xa4 ./Core/Src/main.o
                0x08000814                SystemClock_Config
 .text.MX_ADC1_Init
                0x080008b8       0xc8 ./Core/Src/main.o
 .text.MX_USART2_UART_Init
                0x08000980       0x60 ./Core/Src/main.o
 .text.MX_GPIO_Init
                0x080009e0       0x94 ./Core/Src/main.o
 .text.Error_Handler
                0x08000a74        0xc ./Core/Src/main.o
                0x08000a74                Error_Handler
 .text.HAL_MspInit
                0x08000a80       0x48 ./Core/Src/stm32l4xx_hal_msp.o
                0x08000a80                HAL_MspInit
 .text.HAL_ADC_MspInit
                0x08000ac8       0xd8 ./Core/Src/stm32l4xx_hal_msp.o
                0x08000ac8                HAL_ADC_MspInit
 .text.HAL_UART_MspInit
                0x08000ba0       0xd4 ./Core/Src/stm32l4xx_hal_msp.o
                0x08000ba0                HAL_UART_MspInit
 .text.NMI_Handler
                0x08000c74        0x8 ./Core/Src/stm32l4xx_it.o
                0x08000c74                NMI_Handler
 .text.HardFault_Handler
                0x08000c7c        0x8 ./Core/Src/stm32l4xx_it.o
                0x08000c7c                HardFault_Handler
 .text.MemManage_Handler
                0x08000c84        0x8 ./Core/Src/stm32l4xx_it.o
                0x08000c84                MemManage_Handler
 .text.BusFault_Handler
                0x08000c8c        0x8 ./Core/Src/stm32l4xx_it.o
                0x08000c8c                BusFault_Handler
 .text.UsageFault_Handler
                0x08000c94        0x8 ./Core/Src/stm32l4xx_it.o
                0x08000c94                UsageFault_Handler
 .text.SVC_Handler
                0x08000c9c        0xe ./Core/Src/stm32l4xx_it.o
                0x08000c9c                SVC_Handler
 .text.DebugMon_Handler
                0x08000caa        0xe ./Core/Src/stm32l4xx_it.o
                0x08000caa                DebugMon_Handler
 .text.PendSV_Handler
                0x08000cb8        0xe ./Core/Src/stm32l4xx_it.o
                0x08000cb8                PendSV_Handler
 .text.SysTick_Handler
                0x08000cc6        0xc ./Core/Src/stm32l4xx_it.o
                0x08000cc6                SysTick_Handler
 *fill*         0x08000cd2        0x2 
 .text.ADC1_IRQHandler
                0x08000cd4       0x14 ./Core/Src/stm32l4xx_it.o
                0x08000cd4                ADC1_IRQHandler
 .text._sbrk    0x08000ce8       0x6c ./Core/Src/sysmem.o
                0x08000ce8                _sbrk
 .text.SystemInit
                0x08000d54       0x24 ./Core/Src/system_stm32l4xx.o
                0x08000d54                SystemInit
 .text.Reset_Handler
                0x08000d78       0x50 ./Core/Startup/startup_stm32l432kcux.o
                0x08000d78                Reset_Handler
 .text.Default_Handler
                0x08000dc8        0x2 ./Core/Startup/startup_stm32l432kcux.o
                0x08000dc8                RTC_Alarm_IRQHandler
                0x08000dc8                EXTI2_IRQHandler
                0x08000dc8                TIM1_CC_IRQHandler
                0x08000dc8                TSC_IRQHandler
                0x08000dc8                TAMP_STAMP_IRQHandler
                0x08000dc8                EXTI3_IRQHandler
                0x08000dc8                LPTIM2_IRQHandler
                0x08000dc8                I2C3_ER_IRQHandler
                0x08000dc8                EXTI0_IRQHandler
                0x08000dc8                CAN1_RX0_IRQHandler
                0x08000dc8                FPU_IRQHandler
                0x08000dc8                TIM1_UP_TIM16_IRQHandler
                0x08000dc8                SPI1_IRQHandler
                0x08000dc8                TIM6_DAC_IRQHandler
                0x08000dc8                DMA2_Channel2_IRQHandler
                0x08000dc8                DMA1_Channel4_IRQHandler
                0x08000dc8                DMA1_Channel7_IRQHandler
                0x08000dc8                CAN1_RX1_IRQHandler
                0x08000dc8                DMA2_Channel1_IRQHandler
                0x08000dc8                QUADSPI_IRQHandler
                0x08000dc8                I2C1_EV_IRQHandler
                0x08000dc8                DMA1_Channel6_IRQHandler
                0x08000dc8                DMA2_Channel4_IRQHandler
                0x08000dc8                RCC_IRQHandler
                0x08000dc8                TIM1_TRG_COM_IRQHandler
                0x08000dc8                DMA1_Channel1_IRQHandler
                0x08000dc8                Default_Handler
                0x08000dc8                DMA2_Channel7_IRQHandler
                0x08000dc8                EXTI15_10_IRQHandler
                0x08000dc8                TIM7_IRQHandler
                0x08000dc8                I2C3_EV_IRQHandler
                0x08000dc8                USB_IRQHandler
                0x08000dc8                EXTI9_5_IRQHandler
                0x08000dc8                RTC_WKUP_IRQHandler
                0x08000dc8                PVD_PVM_IRQHandler
                0x08000dc8                CAN1_TX_IRQHandler
                0x08000dc8                DMA2_Channel5_IRQHandler
                0x08000dc8                CRS_IRQHandler
                0x08000dc8                DMA1_Channel5_IRQHandler
                0x08000dc8                EXTI4_IRQHandler
                0x08000dc8                RNG_IRQHandler
                0x08000dc8                DMA1_Channel3_IRQHandler
                0x08000dc8                COMP_IRQHandler
                0x08000dc8                WWDG_IRQHandler
                0x08000dc8                LPUART1_IRQHandler
                0x08000dc8                DMA2_Channel6_IRQHandler
                0x08000dc8                TIM2_IRQHandler
                0x08000dc8                EXTI1_IRQHandler
                0x08000dc8                USART2_IRQHandler
                0x08000dc8                DMA1_Channel2_IRQHandler
                0x08000dc8                CAN1_SCE_IRQHandler
                0x08000dc8                FLASH_IRQHandler
                0x08000dc8                USART1_IRQHandler
                0x08000dc8                SPI3_IRQHandler
                0x08000dc8                I2C1_ER_IRQHandler
                0x08000dc8                SWPMI1_IRQHandler
                0x08000dc8                LPTIM1_IRQHandler
                0x08000dc8                SAI1_IRQHandler
                0x08000dc8                DMA2_Channel3_IRQHandler
                0x08000dc8                TIM1_BRK_TIM15_IRQHandler
 .text.HAL_Init
                0x08000dca       0x30 ./Drivers/STM32L4xx_HAL_Driver/Src/stm32l4xx_hal.o
                0x08000dca                HAL_Init
 *fill*         0x08000dfa        0x2 
 .text.HAL_InitTick
                0x08000dfc       0x78 ./Drivers/STM32L4xx_HAL_Driver/Src/stm32l4xx_hal.o
                0x08000dfc                HAL_InitTick
 .text.HAL_IncTick
                0x08000e74       0x28 ./Drivers/STM32L4xx_HAL_Driver/Src/stm32l4xx_hal.o
                0x08000e74                HAL_IncTick
 .text.HAL_GetTick
                0x08000e9c       0x18 ./Drivers/STM32L4xx_HAL_Driver/Src/stm32l4xx_hal.o
                0x08000e9c                HAL_GetTick
 .text.LL_ADC_SetCommonClock
                0x08000eb4       0x26 ./Drivers/STM32L4xx_HAL_Driver/Src/stm32l4xx_hal_adc.o
 .text.LL_ADC_SetCommonPathInternalCh
                0x08000eda       0x26 ./Drivers/STM32L4xx_HAL_Driver/Src/stm32l4xx_hal_adc.o
 .text.LL_ADC_GetCommonPathInternalCh
                0x08000f00       0x1c ./Drivers/STM32L4xx_HAL_Driver/Src/stm32l4xx_hal_adc.o
 .text.LL_ADC_SetOffset
                0x08000f1c       0x48 ./Drivers/STM32L4xx_HAL_Driver/Src/stm32l4xx_hal_adc.o
 .text.LL_ADC_GetOffsetChannel
                0x08000f64       0x2c ./Drivers/STM32L4xx_HAL_Driver/Src/stm32l4xx_hal_adc.o
 .text.LL_ADC_SetOffsetState
                0x08000f90       0x36 ./Drivers/STM32L4xx_HAL_Driver/Src/stm32l4xx_hal_adc.o
 .text.LL_ADC_REG_IsTriggerSourceSWStart
                0x08000fc6       0x26 ./Drivers/STM32L4xx_HAL_Driver/Src/stm32l4xx_hal_adc.o
 .text.LL_ADC_REG_SetSequencerRanks
                0x08000fec       0x58 ./Drivers/STM32L4xx_HAL_Driver/Src/stm32l4xx_hal_adc.o
 .text.LL_ADC_INJ_IsTriggerSourceSWStart
                0x08001044       0x26 ./Drivers/STM32L4xx_HAL_Driver/Src/stm32l4xx_hal_adc.o
 .text.LL_ADC_SetChannelSamplingTime
                0x0800106a       0x56 ./Drivers/STM32L4xx_HAL_Driver/Src/stm32l4xx_hal_adc.o
 .text.LL_ADC_SetChannelSingleDiff
                0x080010c0       0x48 ./Drivers/STM32L4xx_HAL_Driver/Src/stm32l4xx_hal_adc.o
 .text.LL_ADC_DisableDeepPowerDown
                0x08001108       0x24 ./Drivers/STM32L4xx_HAL_Driver/Src/stm32l4xx_hal_adc.o
 .text.LL_ADC_IsDeepPowerDownEnabled
                0x0800112c       0x28 ./Drivers/STM32L4xx_HAL_Driver/Src/stm32l4xx_hal_adc.o
 .text.LL_ADC_EnableInternalRegulator
                0x08001154       0x28 ./Drivers/STM32L4xx_HAL_Driver/Src/stm32l4xx_hal_adc.o
 .text.LL_ADC_IsInternalRegulatorEnabled
                0x0800117c       0x28 ./Drivers/STM32L4xx_HAL_Driver/Src/stm32l4xx_hal_adc.o
 .text.LL_ADC_Enable
                0x080011a4       0x28 ./Drivers/STM32L4xx_HAL_Driver/Src/stm32l4xx_hal_adc.o
 .text.LL_ADC_IsEnabled
                0x080011cc       0x26 ./Drivers/STM32L4xx_HAL_Driver/Src/stm32l4xx_hal_adc.o
 .text.LL_ADC_REG_StartConversion
                0x080011f2       0x28 ./Drivers/STM32L4xx_HAL_Driver/Src/stm32l4xx_hal_adc.o
 .text.LL_ADC_REG_IsConversionOngoing
                0x0800121a       0x26 ./Drivers/STM32L4xx_HAL_Driver/Src/stm32l4xx_hal_adc.o
 .text.LL_ADC_INJ_IsConversionOngoing
                0x08001240       0x26 ./Drivers/STM32L4xx_HAL_Driver/Src/stm32l4xx_hal_adc.o
 *fill*         0x08001266        0x2 
 .text.HAL_ADC_Init
                0x08001268      0x284 ./Drivers/STM32L4xx_HAL_Driver/Src/stm32l4xx_hal_adc.o
                0x08001268                HAL_ADC_Init
 .text.HAL_ADC_Start_IT
                0x080014ec      0x168 ./Drivers/STM32L4xx_HAL_Driver/Src/stm32l4xx_hal_adc.o
                0x080014ec                HAL_ADC_Start_IT
 .text.HAL_ADC_GetValue
                0x08001654       0x1a ./Drivers/STM32L4xx_HAL_Driver/Src/stm32l4xx_hal_adc.o
                0x08001654                HAL_ADC_GetValue
 .text.HAL_ADC_IRQHandler
                0x0800166e      0x368 ./Drivers/STM32L4xx_HAL_Driver/Src/stm32l4xx_hal_adc.o
                0x0800166e                HAL_ADC_IRQHandler
 .text.HAL_ADC_LevelOutOfWindowCallback
                0x080019d6       0x14 ./Drivers/STM32L4xx_HAL_Driver/Src/stm32l4xx_hal_adc.o
                0x080019d6                HAL_ADC_LevelOutOfWindowCallback
 .text.HAL_ADC_ErrorCallback
                0x080019ea       0x14 ./Drivers/STM32L4xx_HAL_Driver/Src/stm32l4xx_hal_adc.o
                0x080019ea                HAL_ADC_ErrorCallback
 *fill*         0x080019fe        0x2 
 .text.HAL_ADC_ConfigChannel
                0x08001a00      0x7c4 ./Drivers/STM32L4xx_HAL_Driver/Src/stm32l4xx_hal_adc.o
                0x08001a00                HAL_ADC_ConfigChannel
 .text.ADC_Enable
                0x080021c4      0x10c ./Drivers/STM32L4xx_HAL_Driver/Src/stm32l4xx_hal_adc.o
                0x080021c4                ADC_Enable
 .text.HAL_ADCEx_InjectedConvCpltCallback
                0x080022d0       0x14 ./Drivers/STM32L4xx_HAL_Driver/Src/stm32l4xx_hal_adc_ex.o
                0x080022d0                HAL_ADCEx_InjectedConvCpltCallback
 .text.HAL_ADCEx_InjectedQueueOverflowCallback
                0x080022e4       0x14 ./Drivers/STM32L4xx_HAL_Driver/Src/stm32l4xx_hal_adc_ex.o
                0x080022e4                HAL_ADCEx_InjectedQueueOverflowCallback
 .text.HAL_ADCEx_LevelOutOfWindow2Callback
                0x080022f8       0x14 ./Drivers/STM32L4xx_HAL_Driver/Src/stm32l4xx_hal_adc_ex.o
                0x080022f8                HAL_ADCEx_LevelOutOfWindow2Callback
 .text.HAL_ADCEx_LevelOutOfWindow3Callback
                0x0800230c       0x14 ./Drivers/STM32L4xx_HAL_Driver/Src/stm32l4xx_hal_adc_ex.o
                0x0800230c                HAL_ADCEx_LevelOutOfWindow3Callback
 .text.HAL_ADCEx_EndOfSamplingCallback
                0x08002320       0x14 ./Drivers/STM32L4xx_HAL_Driver/Src/stm32l4xx_hal_adc_ex.o
                0x08002320                HAL_ADCEx_EndOfSamplingCallback
 .text.__NVIC_SetPriorityGrouping
                0x08002334       0x48 ./Drivers/STM32L4xx_HAL_Driver/Src/stm32l4xx_hal_cortex.o
 .text.__NVIC_GetPriorityGrouping
                0x0800237c       0x1c ./Drivers/STM32L4xx_HAL_Driver/Src/stm32l4xx_hal_cortex.o
 .text.__NVIC_EnableIRQ
                0x08002398       0x3c ./Drivers/STM32L4xx_HAL_Driver/Src/stm32l4xx_hal_cortex.o
 .text.__NVIC_SetPriority
                0x080023d4       0x54 ./Drivers/STM32L4xx_HAL_Driver/Src/stm32l4xx_hal_cortex.o
 .text.NVIC_EncodePriority
                0x08002428       0x66 ./Drivers/STM32L4xx_HAL_Driver/Src/stm32l4xx_hal_cortex.o
 *fill*         0x0800248e        0x2 
 .text.SysTick_Config
                0x08002490       0x44 ./Drivers/STM32L4xx_HAL_Driver/Src/stm32l4xx_hal_cortex.o
 .text.HAL_NVIC_SetPriorityGrouping
                0x080024d4       0x16 ./Drivers/STM32L4xx_HAL_Driver/Src/stm32l4xx_hal_cortex.o
                0x080024d4                HAL_NVIC_SetPriorityGrouping
 .text.HAL_NVIC_SetPriority
                0x080024ea       0x38 ./Drivers/STM32L4xx_HAL_Driver/Src/stm32l4xx_hal_cortex.o
                0x080024ea                HAL_NVIC_SetPriority
 .text.HAL_NVIC_EnableIRQ
                0x08002522       0x1c ./Drivers/STM32L4xx_HAL_Driver/Src/stm32l4xx_hal_cortex.o
                0x08002522                HAL_NVIC_EnableIRQ
 .text.HAL_SYSTICK_Config
                0x0800253e       0x18 ./Drivers/STM32L4xx_HAL_Driver/Src/stm32l4xx_hal_cortex.o
                0x0800253e                HAL_SYSTICK_Config
 *fill*         0x08002556        0x2 
 .text.HAL_GPIO_Init
                0x08002558      0x2d4 ./Drivers/STM32L4xx_HAL_Driver/Src/stm32l4xx_hal_gpio.o
                0x08002558                HAL_GPIO_Init
 .text.HAL_GPIO_WritePin
                0x0800282c       0x30 ./Drivers/STM32L4xx_HAL_Driver/Src/stm32l4xx_hal_gpio.o
                0x0800282c                HAL_GPIO_WritePin
 .text.HAL_PWREx_GetVoltageRange
                0x0800285c       0x1c ./Drivers/STM32L4xx_HAL_Driver/Src/stm32l4xx_hal_pwr_ex.o
                0x0800285c                HAL_PWREx_GetVoltageRange
 .text.HAL_PWREx_ControlVoltageScaling
                0x08002878       0xac ./Drivers/STM32L4xx_HAL_Driver/Src/stm32l4xx_hal_pwr_ex.o
                0x08002878                HAL_PWREx_ControlVoltageScaling
 .text.HAL_RCC_OscConfig
                0x08002924      0x828 ./Drivers/STM32L4xx_HAL_Driver/Src/stm32l4xx_hal_rcc.o
                0x08002924                HAL_RCC_OscConfig
 .text.HAL_RCC_ClockConfig
                0x0800314c      0x200 ./Drivers/STM32L4xx_HAL_Driver/Src/stm32l4xx_hal_rcc.o
                0x0800314c                HAL_RCC_ClockConfig
 .text.HAL_RCC_GetSysClockFreq
                0x0800334c      0x118 ./Drivers/STM32L4xx_HAL_Driver/Src/stm32l4xx_hal_rcc.o
                0x0800334c                HAL_RCC_GetSysClockFreq
 .text.HAL_RCC_GetHCLKFreq
                0x08003464       0x18 ./Drivers/STM32L4xx_HAL_Driver/Src/stm32l4xx_hal_rcc.o
                0x08003464                HAL_RCC_GetHCLKFreq
 .text.HAL_RCC_GetPCLK1Freq
                0x0800347c       0x2c ./Drivers/STM32L4xx_HAL_Driver/Src/stm32l4xx_hal_rcc.o
                0x0800347c                HAL_RCC_GetPCLK1Freq
 .text.HAL_RCC_GetPCLK2Freq
                0x080034a8       0x2c ./Drivers/STM32L4xx_HAL_Driver/Src/stm32l4xx_hal_rcc.o
                0x080034a8                HAL_RCC_GetPCLK2Freq
 .text.RCC_SetFlashLatencyFromMSIRange
                0x080034d4       0xc0 ./Drivers/STM32L4xx_HAL_Driver/Src/stm32l4xx_hal_rcc.o
 .text.HAL_RCCEx_PeriphCLKConfig
                0x08003594      0x3ec ./Drivers/STM32L4xx_HAL_Driver/Src/stm32l4xx_hal_rcc_ex.o
                0x08003594                HAL_RCCEx_PeriphCLKConfig
 .text.RCCEx_PLLSAI1_Config
                0x08003980      0x1e4 ./Drivers/STM32L4xx_HAL_Driver/Src/stm32l4xx_hal_rcc_ex.o
 .text.HAL_UART_Init
                0x08003b64       0x9c ./Drivers/STM32L4xx_HAL_Driver/Src/stm32l4xx_hal_uart.o
                0x08003b64                HAL_UART_Init
 .text.HAL_UART_Transmit
                0x08003c00      0x112 ./Drivers/STM32L4xx_HAL_Driver/Src/stm32l4xx_hal_uart.o
                0x08003c00                HAL_UART_Transmit
 *fill*         0x08003d12        0x2 
 .text.UART_SetConfig
                0x08003d14      0x458 ./Drivers/STM32L4xx_HAL_Driver/Src/stm32l4xx_hal_uart.o
                0x08003d14                UART_SetConfig
 .text.UART_AdvFeatureConfig
                0x0800416c      0x144 ./Drivers/STM32L4xx_HAL_Driver/Src/stm32l4xx_hal_uart.o
                0x0800416c                UART_AdvFeatureConfig
 .text.UART_CheckIdleState
                0x080042b0      0x150 ./Drivers/STM32L4xx_HAL_Driver/Src/stm32l4xx_hal_uart.o
                0x080042b0                UART_CheckIdleState
 .text.UART_WaitOnFlagUntilTimeout
                0x08004400       0xda ./Drivers/STM32L4xx_HAL_Driver/Src/stm32l4xx_hal_uart.o
                0x08004400                UART_WaitOnFlagUntilTimeout
 .text.UART_EndRxTransfer
                0x080044da       0xc8 ./Drivers/STM32L4xx_HAL_Driver/Src/stm32l4xx_hal_uart.o
 *fill*         0x080045a2        0x2 
 .text.arm_max_f32
                0x080045a4       0xe0 ../Middlewares/ST/ARM/DSP/Lib\libarm_cortexM4lf_math.a(arm_max_f32.o)
                0x080045a4                arm_max_f32
 .text.arm_rfft_32_fast_init_f32
                0x08004684       0x24 ../Middlewares/ST/ARM/DSP/Lib\libarm_cortexM4lf_math.a(arm_rfft_fast_init_f32.o)
 .text.arm_rfft_64_fast_init_f32
                0x080046a8       0x24 ../Middlewares/ST/ARM/DSP/Lib\libarm_cortexM4lf_math.a(arm_rfft_fast_init_f32.o)
 .text.arm_rfft_128_fast_init_f32
                0x080046cc       0x24 ../Middlewares/ST/ARM/DSP/Lib\libarm_cortexM4lf_math.a(arm_rfft_fast_init_f32.o)
 .text.arm_rfft_256_fast_init_f32
                0x080046f0       0x24 ../Middlewares/ST/ARM/DSP/Lib\libarm_cortexM4lf_math.a(arm_rfft_fast_init_f32.o)
 .text.arm_rfft_512_fast_init_f32
                0x08004714       0x28 ../Middlewares/ST/ARM/DSP/Lib\libarm_cortexM4lf_math.a(arm_rfft_fast_init_f32.o)
 .text.arm_rfft_1024_fast_init_f32
                0x0800473c       0x28 ../Middlewares/ST/ARM/DSP/Lib\libarm_cortexM4lf_math.a(arm_rfft_fast_init_f32.o)
 .text.arm_rfft_2048_fast_init_f32
                0x08004764       0x28 ../Middlewares/ST/ARM/DSP/Lib\libarm_cortexM4lf_math.a(arm_rfft_fast_init_f32.o)
 .text.arm_rfft_4096_fast_init_f32
                0x0800478c       0x28 ../Middlewares/ST/ARM/DSP/Lib\libarm_cortexM4lf_math.a(arm_rfft_fast_init_f32.o)
 .text.arm_rfft_fast_init_f32
                0x080047b4       0x74 ../Middlewares/ST/ARM/DSP/Lib\libarm_cortexM4lf_math.a(arm_rfft_fast_init_f32.o)
                0x080047b4                arm_rfft_fast_init_f32
 .text.stage_rfft_f32
                0x08004828       0xb4 ../Middlewares/ST/ARM/DSP/Lib\libarm_cortexM4lf_math.a(arm_rfft_fast_f32.o)
                0x08004828                stage_rfft_f32
 .text.merge_rfft_f32
                0x080048dc       0xac ../Middlewares/ST/ARM/DSP/Lib\libarm_cortexM4lf_math.a(arm_rfft_fast_f32.o)
                0x080048dc                merge_rfft_f32
 .text.arm_rfft_fast_f32
                0x08004988       0x38 ../Middlewares/ST/ARM/DSP/Lib\libarm_cortexM4lf_math.a(arm_rfft_fast_f32.o)
                0x08004988                arm_rfft_fast_f32
 .text.arm_cfft_radix8by2_f32
                0x080049c0      0x1a4 ../Middlewares/ST/ARM/DSP/Lib\libarm_cortexM4lf_math.a(arm_cfft_f32.o)
                0x080049c0                arm_cfft_radix8by2_f32
 .text.arm_cfft_radix8by4_f32
                0x08004b64      0x4ac ../Middlewares/ST/ARM/DSP/Lib\libarm_cortexM4lf_math.a(arm_cfft_f32.o)
                0x08004b64                arm_cfft_radix8by4_f32
 .text.arm_cfft_f32
                0x08005010       0xf0 ../Middlewares/ST/ARM/DSP/Lib\libarm_cortexM4lf_math.a(arm_cfft_f32.o)
                0x08005010                arm_cfft_f32
 .text.arm_bitreversal_32
                0x08005100       0x40 ../Middlewares/ST/ARM/DSP/Lib\libarm_cortexM4lf_math.a(arm_bitreversal2.o)
                0x08005100                arm_bitreversal_32
 .text.arm_cmplx_mag_f32
                0x08005140      0x248 ../Middlewares/ST/ARM/DSP/Lib\libarm_cortexM4lf_math.a(arm_cmplx_mag_f32.o)
                0x08005140                arm_cmplx_mag_f32
 .text.arm_cfft_init_f32
                0x08005388       0xa4 ../Middlewares/ST/ARM/DSP/Lib\libarm_cortexM4lf_math.a(arm_cfft_init_f32.o)
                0x08005388                arm_cfft_init_f32
 .text.arm_radix8_butterfly_f32
                0x0800542c      0x598 ../Middlewares/ST/ARM/DSP/Lib\libarm_cortexM4lf_math.a(arm_cfft_radix8_f32.o)
                0x0800542c                arm_radix8_butterfly_f32
 .text.snprintf
                0x080059c4       0x6c C:/ST/STM32CubeIDE_1.18.0/STM32CubeIDE/plugins/com.st.stm32cube.ide.mcu.externaltools.gnu-tools-for-stm32.13.3.rel1.win32_1.0.0.202411081344/tools/bin/../lib/gcc/arm-none-eabi/13.3.1/../../../../arm-none-eabi/lib/thumb/v7e-m+fp/hard\libc_nano.a(libc_a-snprintf.o)
                0x080059c4                sniprintf
                0x080059c4                snprintf
 .text.memset   0x08005a30       0x10 C:/ST/STM32CubeIDE_1.18.0/STM32CubeIDE/plugins/com.st.stm32cube.ide.mcu.externaltools.gnu-tools-for-stm32.13.3.rel1.win32_1.0.0.202411081344/tools/bin/../lib/gcc/arm-none-eabi/13.3.1/../../../../arm-none-eabi/lib/thumb/v7e-m+fp/hard\libc_nano.a(libc_a-memset.o)
                0x08005a30                memset
 .text.__errno  0x08005a40        0xc C:/ST/STM32CubeIDE_1.18.0/STM32CubeIDE/plugins/com.st.stm32cube.ide.mcu.externaltools.gnu-tools-for-stm32.13.3.rel1.win32_1.0.0.202411081344/tools/bin/../lib/gcc/arm-none-eabi/13.3.1/../../../../arm-none-eabi/lib/thumb/v7e-m+fp/hard\libc_nano.a(libc_a-errno.o)
                0x08005a40                __errno
 .text.__libc_init_array
                0x08005a4c       0x48 C:/ST/STM32CubeIDE_1.18.0/STM32CubeIDE/plugins/com.st.stm32cube.ide.mcu.externaltools.gnu-tools-for-stm32.13.3.rel1.win32_1.0.0.202411081344/tools/bin/../lib/gcc/arm-none-eabi/13.3.1/../../../../arm-none-eabi/lib/thumb/v7e-m+fp/hard\libc_nano.a(libc_a-init.o)
                0x08005a4c                __libc_init_array
 .text.__retarget_lock_acquire_recursive
                0x08005a94        0x2 C:/ST/STM32CubeIDE_1.18.0/STM32CubeIDE/plugins/com.st.stm32cube.ide.mcu.externaltools.gnu-tools-for-stm32.13.3.rel1.win32_1.0.0.202411081344/tools/bin/../lib/gcc/arm-none-eabi/13.3.1/../../../../arm-none-eabi/lib/thumb/v7e-m+fp/hard\libc_nano.a(libc_a-lock.o)
                0x08005a94                __retarget_lock_acquire_recursive
 .text.__retarget_lock_release_recursive
                0x08005a96        0x2 C:/ST/STM32CubeIDE_1.18.0/STM32CubeIDE/plugins/com.st.stm32cube.ide.mcu.externaltools.gnu-tools-for-stm32.13.3.rel1.win32_1.0.0.202411081344/tools/bin/../lib/gcc/arm-none-eabi/13.3.1/../../../../arm-none-eabi/lib/thumb/v7e-m+fp/hard\libc_nano.a(libc_a-lock.o)
                0x08005a96                __retarget_lock_release_recursive
 .text._free_r  0x08005a98       0x94 C:/ST/STM32CubeIDE_1.18.0/STM32CubeIDE/plugins/com.st.stm32cube.ide.mcu.externaltools.gnu-tools-for-stm32.13.3.rel1.win32_1.0.0.202411081344/tools/bin/../lib/gcc/arm-none-eabi/13.3.1/../../../../arm-none-eabi/lib/thumb/v7e-m+fp/hard\libc_nano.a(libc_a-freer.o)
                0x08005a98                _free_r
 .text.sbrk_aligned
                0x08005b2c       0x44 C:/ST/STM32CubeIDE_1.18.0/STM32CubeIDE/plugins/com.st.stm32cube.ide.mcu.externaltools.gnu-tools-for-stm32.13.3.rel1.win32_1.0.0.202411081344/tools/bin/../lib/gcc/arm-none-eabi/13.3.1/../../../../arm-none-eabi/lib/thumb/v7e-m+fp/hard\libc_nano.a(libc_a-mallocr.o)
 .text._malloc_r
                0x08005b70      0x100 C:/ST/STM32CubeIDE_1.18.0/STM32CubeIDE/plugins/com.st.stm32cube.ide.mcu.externaltools.gnu-tools-for-stm32.13.3.rel1.win32_1.0.0.202411081344/tools/bin/../lib/gcc/arm-none-eabi/13.3.1/../../../../arm-none-eabi/lib/thumb/v7e-m+fp/hard\libc_nano.a(libc_a-mallocr.o)
                0x08005b70                _malloc_r
 .text.__malloc_lock
                0x08005c70        0xc C:/ST/STM32CubeIDE_1.18.0/STM32CubeIDE/plugins/com.st.stm32cube.ide.mcu.externaltools.gnu-tools-for-stm32.13.3.rel1.win32_1.0.0.202411081344/tools/bin/../lib/gcc/arm-none-eabi/13.3.1/../../../../arm-none-eabi/lib/thumb/v7e-m+fp/hard\libc_nano.a(libc_a-mlock.o)
                0x08005c70                __malloc_lock
 .text.__malloc_unlock
                0x08005c7c        0xc C:/ST/STM32CubeIDE_1.18.0/STM32CubeIDE/plugins/com.st.stm32cube.ide.mcu.externaltools.gnu-tools-for-stm32.13.3.rel1.win32_1.0.0.202411081344/tools/bin/../lib/gcc/arm-none-eabi/13.3.1/../../../../arm-none-eabi/lib/thumb/v7e-m+fp/hard\libc_nano.a(libc_a-mlock.o)
                0x08005c7c                __malloc_unlock
 .text.__ssputs_r
                0x08005c88       0xb6 C:/ST/STM32CubeIDE_1.18.0/STM32CubeIDE/plugins/com.st.stm32cube.ide.mcu.externaltools.gnu-tools-for-stm32.13.3.rel1.win32_1.0.0.202411081344/tools/bin/../lib/gcc/arm-none-eabi/13.3.1/../../../../arm-none-eabi/lib/thumb/v7e-m+fp/hard\libc_nano.a(libc_a-nano-svfprintf.o)
                0x08005c88                __ssputs_r
 *fill*         0x08005d3e        0x2 
 .text._svfprintf_r
                0x08005d40      0x1f8 C:/ST/STM32CubeIDE_1.18.0/STM32CubeIDE/plugins/com.st.stm32cube.ide.mcu.externaltools.gnu-tools-for-stm32.13.3.rel1.win32_1.0.0.202411081344/tools/bin/../lib/gcc/arm-none-eabi/13.3.1/../../../../arm-none-eabi/lib/thumb/v7e-m+fp/hard\libc_nano.a(libc_a-nano-svfprintf.o)
                0x08005d40                _svfiprintf_r
                0x08005d40                _svfprintf_r
 .text._printf_common
                0x08005f38       0xda C:/ST/STM32CubeIDE_1.18.0/STM32CubeIDE/plugins/com.st.stm32cube.ide.mcu.externaltools.gnu-tools-for-stm32.13.3.rel1.win32_1.0.0.202411081344/tools/bin/../lib/gcc/arm-none-eabi/13.3.1/../../../../arm-none-eabi/lib/thumb/v7e-m+fp/hard\libc_nano.a(libc_a-nano-vfprintf_i.o)
                0x08005f38                _printf_common
 *fill*         0x08006012        0x2 
 .text._printf_i
                0x08006014      0x23c C:/ST/STM32CubeIDE_1.18.0/STM32CubeIDE/plugins/com.st.stm32cube.ide.mcu.externaltools.gnu-tools-for-stm32.13.3.rel1.win32_1.0.0.202411081344/tools/bin/../lib/gcc/arm-none-eabi/13.3.1/../../../../arm-none-eabi/lib/thumb/v7e-m+fp/hard\libc_nano.a(libc_a-nano-vfprintf_i.o)
                0x08006014                _printf_i
 .text.memmove  0x08006250       0x34 C:/ST/STM32CubeIDE_1.18.0/STM32CubeIDE/plugins/com.st.stm32cube.ide.mcu.externaltools.gnu-tools-for-stm32.13.3.rel1.win32_1.0.0.202411081344/tools/bin/../lib/gcc/arm-none-eabi/13.3.1/../../../../arm-none-eabi/lib/thumb/v7e-m+fp/hard\libc_nano.a(libc_a-memmove.o)
                0x08006250                memmove
 .text._sbrk_r  0x08006284       0x20 C:/ST/STM32CubeIDE_1.18.0/STM32CubeIDE/plugins/com.st.stm32cube.ide.mcu.externaltools.gnu-tools-for-stm32.13.3.rel1.win32_1.0.0.202411081344/tools/bin/../lib/gcc/arm-none-eabi/13.3.1/../../../../arm-none-eabi/lib/thumb/v7e-m+fp/hard\libc_nano.a(libc_a-sbrkr.o)
                0x08006284                _sbrk_r
 .text.memcpy   0x080062a4       0x1c C:/ST/STM32CubeIDE_1.18.0/STM32CubeIDE/plugins/com.st.stm32cube.ide.mcu.externaltools.gnu-tools-for-stm32.13.3.rel1.win32_1.0.0.202411081344/tools/bin/../lib/gcc/arm-none-eabi/13.3.1/../../../../arm-none-eabi/lib/thumb/v7e-m+fp/hard\libc_nano.a(libc_a-memcpy-stub.o)
                0x080062a4                memcpy
 .text._realloc_r
                0x080062c0       0x5c C:/ST/STM32CubeIDE_1.18.0/STM32CubeIDE/plugins/com.st.stm32cube.ide.mcu.externaltools.gnu-tools-for-stm32.13.3.rel1.win32_1.0.0.202411081344/tools/bin/../lib/gcc/arm-none-eabi/13.3.1/../../../../arm-none-eabi/lib/thumb/v7e-m+fp/hard\libc_nano.a(libc_a-reallocr.o)
                0x080062c0                _realloc_r
 .text._malloc_usable_size_r
                0x0800631c       0x10 C:/ST/STM32CubeIDE_1.18.0/STM32CubeIDE/plugins/com.st.stm32cube.ide.mcu.externaltools.gnu-tools-for-stm32.13.3.rel1.win32_1.0.0.202411081344/tools/bin/../lib/gcc/arm-none-eabi/13.3.1/../../../../arm-none-eabi/lib/thumb/v7e-m+fp/hard\libc_nano.a(libc_a-msizer.o)
                0x0800631c                _malloc_usable_size_r
 .text.sqrtf    0x0800632c       0x3c C:/ST/STM32CubeIDE_1.18.0/STM32CubeIDE/plugins/com.st.stm32cube.ide.mcu.externaltools.gnu-tools-for-stm32.13.3.rel1.win32_1.0.0.202411081344/tools/bin/../lib/gcc/arm-none-eabi/13.3.1/../../../../arm-none-eabi/lib/thumb/v7e-m+fp/hard\libm.a(libm_a-wf_sqrt.o)
                0x0800632c                sqrtf
 .text.__ieee754_sqrtf
                0x08006368        0x6 C:/ST/STM32CubeIDE_1.18.0/STM32CubeIDE/plugins/com.st.stm32cube.ide.mcu.externaltools.gnu-tools-for-stm32.13.3.rel1.win32_1.0.0.202411081344/tools/bin/../lib/gcc/arm-none-eabi/13.3.1/../../../../arm-none-eabi/lib/thumb/v7e-m+fp/hard\libm.a(libm_a-ef_sqrt.o)
                0x08006368                __ieee754_sqrtf
 *(.glue_7)
 .glue_7        0x0800636e        0x0 linker stubs
 *(.glue_7t)
 .glue_7t       0x0800636e        0x0 linker stubs
 *(.eh_frame)
 *fill*         0x0800636e        0x2 
 .eh_frame      0x08006370        0x0 C:/ST/STM32CubeIDE_1.18.0/STM32CubeIDE/plugins/com.st.stm32cube.ide.mcu.externaltools.gnu-tools-for-stm32.13.3.rel1.win32_1.0.0.202411081344/tools/bin/../lib/gcc/arm-none-eabi/13.3.1/thumb/v7e-m+fp/hard/crtbegin.o
 *(.init)
 .init          0x08006370        0x4 C:/ST/STM32CubeIDE_1.18.0/STM32CubeIDE/plugins/com.st.stm32cube.ide.mcu.externaltools.gnu-tools-for-stm32.13.3.rel1.win32_1.0.0.202411081344/tools/bin/../lib/gcc/arm-none-eabi/13.3.1/thumb/v7e-m+fp/hard/crti.o
                0x08006370                _init
 .init          0x08006374        0x8 C:/ST/STM32CubeIDE_1.18.0/STM32CubeIDE/plugins/com.st.stm32cube.ide.mcu.externaltools.gnu-tools-for-stm32.13.3.rel1.win32_1.0.0.202411081344/tools/bin/../lib/gcc/arm-none-eabi/13.3.1/thumb/v7e-m+fp/hard/crtn.o
 *(.fini)
 .fini          0x0800637c        0x4 C:/ST/STM32CubeIDE_1.18.0/STM32CubeIDE/plugins/com.st.stm32cube.ide.mcu.externaltools.gnu-tools-for-stm32.13.3.rel1.win32_1.0.0.202411081344/tools/bin/../lib/gcc/arm-none-eabi/13.3.1/thumb/v7e-m+fp/hard/crti.o
                0x0800637c                _fini
 .fini          0x08006380        0x8 C:/ST/STM32CubeIDE_1.18.0/STM32CubeIDE/plugins/com.st.stm32cube.ide.mcu.externaltools.gnu-tools-for-stm32.13.3.rel1.win32_1.0.0.202411081344/tools/bin/../lib/gcc/arm-none-eabi/13.3.1/thumb/v7e-m+fp/hard/crtn.o
                0x08006388                        . = ALIGN (0x4)
                0x08006388                        _etext = .

.vfp11_veneer   0x08006388        0x0
 .vfp11_veneer  0x08006388        0x0 linker stubs

.v4_bx          0x08006388        0x0
 .v4_bx         0x08006388        0x0 linker stubs

.iplt           0x08006388        0x0
 .iplt          0x08006388        0x0 C:/ST/STM32CubeIDE_1.18.0/STM32CubeIDE/plugins/com.st.stm32cube.ide.mcu.externaltools.gnu-tools-for-stm32.13.3.rel1.win32_1.0.0.202411081344/tools/bin/../lib/gcc/arm-none-eabi/13.3.1/thumb/v7e-m+fp/hard/crtbegin.o

.rodata         0x08006388    0x1d538
                0x08006388                        . = ALIGN (0x4)
 *(.rodata)
 .rodata        0x08006388       0x51 ./Core/Src/main.o
 *(.rodata*)
 *fill*         0x080063d9        0x3 
 .rodata.AHBPrescTable
                0x080063dc       0x10 ./Core/Src/system_stm32l4xx.o
                0x080063dc                AHBPrescTable
 .rodata.APBPrescTable
                0x080063ec        0x8 ./Core/Src/system_stm32l4xx.o
                0x080063ec                APBPrescTable
 .rodata.MSIRangeTable
                0x080063f4       0x30 ./Core/Src/system_stm32l4xx.o
                0x080063f4                MSIRangeTable
 .rodata.armBitRevIndexTable1024
                0x08006424      0xe10 ../Middlewares/ST/ARM/DSP/Lib\libarm_cortexM4lf_math.a(arm_common_tables.o)
                0x08006424                armBitRevIndexTable1024
 .rodata.armBitRevIndexTable128
                0x08007234      0x1a0 ../Middlewares/ST/ARM/DSP/Lib\libarm_cortexM4lf_math.a(arm_common_tables.o)
                0x08007234                armBitRevIndexTable128
 .rodata.armBitRevIndexTable16
                0x080073d4       0x28 ../Middlewares/ST/ARM/DSP/Lib\libarm_cortexM4lf_math.a(arm_common_tables.o)
                0x080073d4                armBitRevIndexTable16
 .rodata.armBitRevIndexTable2048
                0x080073fc     0x1dc0 ../Middlewares/ST/ARM/DSP/Lib\libarm_cortexM4lf_math.a(arm_common_tables.o)
                0x080073fc                armBitRevIndexTable2048
 .rodata.armBitRevIndexTable256
                0x080091bc      0x370 ../Middlewares/ST/ARM/DSP/Lib\libarm_cortexM4lf_math.a(arm_common_tables.o)
                0x080091bc                armBitRevIndexTable256
 .rodata.armBitRevIndexTable32
                0x0800952c       0x60 ../Middlewares/ST/ARM/DSP/Lib\libarm_cortexM4lf_math.a(arm_common_tables.o)
                0x0800952c                armBitRevIndexTable32
 .rodata.armBitRevIndexTable4096
                0x0800958c     0x1f80 ../Middlewares/ST/ARM/DSP/Lib\libarm_cortexM4lf_math.a(arm_common_tables.o)
                0x0800958c                armBitRevIndexTable4096
 .rodata.armBitRevIndexTable512
                0x0800b50c      0x380 ../Middlewares/ST/ARM/DSP/Lib\libarm_cortexM4lf_math.a(arm_common_tables.o)
                0x0800b50c                armBitRevIndexTable512
 .rodata.armBitRevIndexTable64
                0x0800b88c       0x70 ../Middlewares/ST/ARM/DSP/Lib\libarm_cortexM4lf_math.a(arm_common_tables.o)
                0x0800b88c                armBitRevIndexTable64
 .rodata.twiddleCoef_1024
                0x0800b8fc     0x2000 ../Middlewares/ST/ARM/DSP/Lib\libarm_cortexM4lf_math.a(arm_common_tables.o)
                0x0800b8fc                twiddleCoef_1024
 .rodata.twiddleCoef_128
                0x0800d8fc      0x400 ../Middlewares/ST/ARM/DSP/Lib\libarm_cortexM4lf_math.a(arm_common_tables.o)
                0x0800d8fc                twiddleCoef_128
 .rodata.twiddleCoef_16
                0x0800dcfc       0x80 ../Middlewares/ST/ARM/DSP/Lib\libarm_cortexM4lf_math.a(arm_common_tables.o)
                0x0800dcfc                twiddleCoef_16
 .rodata.twiddleCoef_2048
                0x0800dd7c     0x4000 ../Middlewares/ST/ARM/DSP/Lib\libarm_cortexM4lf_math.a(arm_common_tables.o)
                0x0800dd7c                twiddleCoef_2048
 .rodata.twiddleCoef_256
                0x08011d7c      0x800 ../Middlewares/ST/ARM/DSP/Lib\libarm_cortexM4lf_math.a(arm_common_tables.o)
                0x08011d7c                twiddleCoef_256
 .rodata.twiddleCoef_32
                0x0801257c      0x100 ../Middlewares/ST/ARM/DSP/Lib\libarm_cortexM4lf_math.a(arm_common_tables.o)
                0x0801257c                twiddleCoef_32
 .rodata.twiddleCoef_4096
                0x0801267c     0x8000 ../Middlewares/ST/ARM/DSP/Lib\libarm_cortexM4lf_math.a(arm_common_tables.o)
                0x0801267c                twiddleCoef_4096
 .rodata.twiddleCoef_512
                0x0801a67c     0x1000 ../Middlewares/ST/ARM/DSP/Lib\libarm_cortexM4lf_math.a(arm_common_tables.o)
                0x0801a67c                twiddleCoef_512
 .rodata.twiddleCoef_64
                0x0801b67c      0x200 ../Middlewares/ST/ARM/DSP/Lib\libarm_cortexM4lf_math.a(arm_common_tables.o)
                0x0801b67c                twiddleCoef_64
 .rodata.twiddleCoef_rfft_1024
                0x0801b87c     0x1000 ../Middlewares/ST/ARM/DSP/Lib\libarm_cortexM4lf_math.a(arm_common_tables.o)
                0x0801b87c                twiddleCoef_rfft_1024
 .rodata.twiddleCoef_rfft_128
                0x0801c87c      0x200 ../Middlewares/ST/ARM/DSP/Lib\libarm_cortexM4lf_math.a(arm_common_tables.o)
                0x0801c87c                twiddleCoef_rfft_128
 .rodata.twiddleCoef_rfft_2048
                0x0801ca7c     0x2000 ../Middlewares/ST/ARM/DSP/Lib\libarm_cortexM4lf_math.a(arm_common_tables.o)
                0x0801ca7c                twiddleCoef_rfft_2048
 .rodata.twiddleCoef_rfft_256
                0x0801ea7c      0x400 ../Middlewares/ST/ARM/DSP/Lib\libarm_cortexM4lf_math.a(arm_common_tables.o)
                0x0801ea7c                twiddleCoef_rfft_256
 .rodata.twiddleCoef_rfft_32
                0x0801ee7c       0x80 ../Middlewares/ST/ARM/DSP/Lib\libarm_cortexM4lf_math.a(arm_common_tables.o)
                0x0801ee7c                twiddleCoef_rfft_32
 .rodata.twiddleCoef_rfft_4096
                0x0801eefc     0x4000 ../Middlewares/ST/ARM/DSP/Lib\libarm_cortexM4lf_math.a(arm_common_tables.o)
                0x0801eefc                twiddleCoef_rfft_4096
 .rodata.twiddleCoef_rfft_512
                0x08022efc      0x800 ../Middlewares/ST/ARM/DSP/Lib\libarm_cortexM4lf_math.a(arm_common_tables.o)
                0x08022efc                twiddleCoef_rfft_512
 .rodata.twiddleCoef_rfft_64
                0x080236fc      0x100 ../Middlewares/ST/ARM/DSP/Lib\libarm_cortexM4lf_math.a(arm_common_tables.o)
                0x080236fc                twiddleCoef_rfft_64
 .rodata.arm_cfft_sR_f32_len1024
                0x080237fc       0x10 ../Middlewares/ST/ARM/DSP/Lib\libarm_cortexM4lf_math.a(arm_const_structs.o)
                0x080237fc                arm_cfft_sR_f32_len1024
 .rodata.arm_cfft_sR_f32_len128
                0x0802380c       0x10 ../Middlewares/ST/ARM/DSP/Lib\libarm_cortexM4lf_math.a(arm_const_structs.o)
                0x0802380c                arm_cfft_sR_f32_len128
 .rodata.arm_cfft_sR_f32_len16
                0x0802381c       0x10 ../Middlewares/ST/ARM/DSP/Lib\libarm_cortexM4lf_math.a(arm_const_structs.o)
                0x0802381c                arm_cfft_sR_f32_len16
 .rodata.arm_cfft_sR_f32_len2048
                0x0802382c       0x10 ../Middlewares/ST/ARM/DSP/Lib\libarm_cortexM4lf_math.a(arm_const_structs.o)
                0x0802382c                arm_cfft_sR_f32_len2048
 .rodata.arm_cfft_sR_f32_len256
                0x0802383c       0x10 ../Middlewares/ST/ARM/DSP/Lib\libarm_cortexM4lf_math.a(arm_const_structs.o)
                0x0802383c                arm_cfft_sR_f32_len256
 .rodata.arm_cfft_sR_f32_len32
                0x0802384c       0x10 ../Middlewares/ST/ARM/DSP/Lib\libarm_cortexM4lf_math.a(arm_const_structs.o)
                0x0802384c                arm_cfft_sR_f32_len32
 .rodata.arm_cfft_sR_f32_len4096
                0x0802385c       0x10 ../Middlewares/ST/ARM/DSP/Lib\libarm_cortexM4lf_math.a(arm_const_structs.o)
                0x0802385c                arm_cfft_sR_f32_len4096
 .rodata.arm_cfft_sR_f32_len512
                0x0802386c       0x10 ../Middlewares/ST/ARM/DSP/Lib\libarm_cortexM4lf_math.a(arm_const_structs.o)
                0x0802386c                arm_cfft_sR_f32_len512
 .rodata.arm_cfft_sR_f32_len64
                0x0802387c       0x10 ../Middlewares/ST/ARM/DSP/Lib\libarm_cortexM4lf_math.a(arm_const_structs.o)
                0x0802387c                arm_cfft_sR_f32_len64
 .rodata._svfprintf_r.str1.1
                0x0802388c       0x33 C:/ST/STM32CubeIDE_1.18.0/STM32CubeIDE/plugins/com.st.stm32cube.ide.mcu.externaltools.gnu-tools-for-stm32.13.3.rel1.win32_1.0.0.202411081344/tools/bin/../lib/gcc/arm-none-eabi/13.3.1/../../../../arm-none-eabi/lib/thumb/v7e-m+fp/hard\libc_nano.a(libc_a-nano-svfprintf.o)
                                 0x11 (size before relaxing)
 .rodata._printf_i.str1.1
                0x080238bf       0x22 C:/ST/STM32CubeIDE_1.18.0/STM32CubeIDE/plugins/com.st.stm32cube.ide.mcu.externaltools.gnu-tools-for-stm32.13.3.rel1.win32_1.0.0.202411081344/tools/bin/../lib/gcc/arm-none-eabi/13.3.1/../../../../arm-none-eabi/lib/thumb/v7e-m+fp/hard\libc_nano.a(libc_a-nano-vfprintf_i.o)
                0x080238e4                        . = ALIGN (0x4)
 *fill*         0x080238bf        0x1 

.ARM.extab      0x080238c0        0x0
                0x080238c0                        . = ALIGN (0x4)
 *(.ARM.extab* .gnu.linkonce.armextab.*)
                0x080238c0                        . = ALIGN (0x4)

.ARM            0x080238c0        0x8
                0x080238c0                        . = ALIGN (0x4)
                0x080238c0                        __exidx_start = .
 *(.ARM.exidx*)
 .ARM.exidx     0x080238c0        0x8 C:/ST/STM32CubeIDE_1.18.0/STM32CubeIDE/plugins/com.st.stm32cube.ide.mcu.externaltools.gnu-tools-for-stm32.13.3.rel1.win32_1.0.0.202411081344/tools/bin/../lib/gcc/arm-none-eabi/13.3.1/../../../../arm-none-eabi/lib/thumb/v7e-m+fp/hard\libc_nano.a(libc_a-strlen.o)
 .ARM.exidx     0x080238c8        0x0 C:/ST/STM32CubeIDE_1.18.0/STM32CubeIDE/plugins/com.st.stm32cube.ide.mcu.externaltools.gnu-tools-for-stm32.13.3.rel1.win32_1.0.0.202411081344/tools/bin/../lib/gcc/arm-none-eabi/13.3.1/../../../../arm-none-eabi/lib/thumb/v7e-m+fp/hard\libc_nano.a(libc_a-memchr.o)
                                  0x8 (size before relaxing)
 .ARM.exidx     0x080238c8        0x0 C:/ST/STM32CubeIDE_1.18.0/STM32CubeIDE/plugins/com.st.stm32cube.ide.mcu.externaltools.gnu-tools-for-stm32.13.3.rel1.win32_1.0.0.202411081344/tools/bin/../lib/gcc/arm-none-eabi/13.3.1/thumb/v7e-m+fp/hard\libgcc.a(_udivmoddi4.o)
                                  0x8 (size before relaxing)
                0x080238c8                        __exidx_end = .
                0x080238c8                        . = ALIGN (0x4)

.preinit_array  0x080238c8        0x0
                0x080238c8                        . = ALIGN (0x4)
                0x080238c8                        PROVIDE (__preinit_array_start = .)
 *(.preinit_array*)
                0x080238c8                        PROVIDE (__preinit_array_end = .)
                0x080238c8                        . = ALIGN (0x4)

.init_array     0x080238c8        0x4
                0x080238c8                        . = ALIGN (0x4)
                0x080238c8                        PROVIDE (__init_array_start = .)
 *(SORT_BY_NAME(.init_array.*))
 *(.init_array*)
 .init_array    0x080238c8        0x4 C:/ST/STM32CubeIDE_1.18.0/STM32CubeIDE/plugins/com.st.stm32cube.ide.mcu.externaltools.gnu-tools-for-stm32.13.3.rel1.win32_1.0.0.202411081344/tools/bin/../lib/gcc/arm-none-eabi/13.3.1/thumb/v7e-m+fp/hard/crtbegin.o
                0x080238cc                        PROVIDE (__init_array_end = .)
                0x080238cc                        . = ALIGN (0x4)

.fini_array     0x080238cc        0x4
                0x080238cc                        . = ALIGN (0x4)
                [!provide]                        PROVIDE (__fini_array_start = .)
 *(SORT_BY_NAME(.fini_array.*))
 *(.fini_array*)
 .fini_array    0x080238cc        0x4 C:/ST/STM32CubeIDE_1.18.0/STM32CubeIDE/plugins/com.st.stm32cube.ide.mcu.externaltools.gnu-tools-for-stm32.13.3.rel1.win32_1.0.0.202411081344/tools/bin/../lib/gcc/arm-none-eabi/13.3.1/thumb/v7e-m+fp/hard/crtbegin.o
                [!provide]                        PROVIDE (__fini_array_end = .)
                0x080238d0                        . = ALIGN (0x4)
                0x080238d0                        _sidata = LOADADDR (.data)

.rel.dyn        0x080238d0        0x0
 .rel.iplt      0x080238d0        0x0 C:/ST/STM32CubeIDE_1.18.0/STM32CubeIDE/plugins/com.st.stm32cube.ide.mcu.externaltools.gnu-tools-for-stm32.13.3.rel1.win32_1.0.0.202411081344/tools/bin/../lib/gcc/arm-none-eabi/13.3.1/thumb/v7e-m+fp/hard/crtbegin.o

.data           0x20000000       0x5c load address 0x080238d0
                0x20000000                        . = ALIGN (0x4)
                0x20000000                        _sdata = .
 *(.data)
 *(.data*)
 .data.SystemCoreClock
                0x20000000        0x4 ./Core/Src/system_stm32l4xx.o
                0x20000000                SystemCoreClock
 .data.uwTickPrio
                0x20000004        0x4 ./Drivers/STM32L4xx_HAL_Driver/Src/stm32l4xx_hal.o
                0x20000004                uwTickPrio
 .data.uwTickFreq
                0x20000008        0x1 ./Drivers/STM32L4xx_HAL_Driver/Src/stm32l4xx_hal.o
                0x20000008                uwTickFreq
 *fill*         0x20000009        0x3 
 .data._impure_ptr
                0x2000000c        0x4 C:/ST/STM32CubeIDE_1.18.0/STM32CubeIDE/plugins/com.st.stm32cube.ide.mcu.externaltools.gnu-tools-for-stm32.13.3.rel1.win32_1.0.0.202411081344/tools/bin/../lib/gcc/arm-none-eabi/13.3.1/../../../../arm-none-eabi/lib/thumb/v7e-m+fp/hard\libc_nano.a(libc_a-impure.o)
                0x2000000c                _impure_ptr
 .data._impure_data
                0x20000010       0x4c C:/ST/STM32CubeIDE_1.18.0/STM32CubeIDE/plugins/com.st.stm32cube.ide.mcu.externaltools.gnu-tools-for-stm32.13.3.rel1.win32_1.0.0.202411081344/tools/bin/../lib/gcc/arm-none-eabi/13.3.1/../../../../arm-none-eabi/lib/thumb/v7e-m+fp/hard\libc_nano.a(libc_a-impure.o)
                0x20000010                _impure_data
 *(.RamFunc)
 *(.RamFunc*)
                0x2000005c                        . = ALIGN (0x4)
                0x2000005c                        _edata = .

.igot.plt       0x2000005c        0x0 load address 0x0802392c
 .igot.plt      0x2000005c        0x0 C:/ST/STM32CubeIDE_1.18.0/STM32CubeIDE/plugins/com.st.stm32cube.ide.mcu.externaltools.gnu-tools-for-stm32.13.3.rel1.win32_1.0.0.202411081344/tools/bin/../lib/gcc/arm-none-eabi/13.3.1/thumb/v7e-m+fp/hard/crtbegin.o
                0x2000005c                        . = ALIGN (0x4)

.bss            0x2000005c     0x6260 load address 0x0802392c
                0x2000005c                        _sbss = .
                0x2000005c                        __bss_start__ = _sbss
 *(.bss)
 .bss           0x2000005c       0x1c C:/ST/STM32CubeIDE_1.18.0/STM32CubeIDE/plugins/com.st.stm32cube.ide.mcu.externaltools.gnu-tools-for-stm32.13.3.rel1.win32_1.0.0.202411081344/tools/bin/../lib/gcc/arm-none-eabi/13.3.1/thumb/v7e-m+fp/hard/crtbegin.o
 *(.bss*)
 .bss.hadc1     0x20000078       0x64 ./Core/Src/main.o
                0x20000078                hadc1
 .bss.huart2    0x200000dc       0x88 ./Core/Src/main.o
                0x200000dc                huart2
 .bss.adc_samples
                0x20000164     0x1000 ./Core/Src/main.o
                0x20000164                adc_samples
 .bss.adc_input_f32
                0x20001164     0x2000 ./Core/Src/main.o
                0x20001164                adc_input_f32
 .bss.fft_output
                0x20003164     0x2000 ./Core/Src/main.o
                0x20003164                fft_output
 .bss.fft_magnitude
                0x20005164     0x1000 ./Core/Src/main.o
                0x20005164                fft_magnitude
 .bss.sample_index
                0x20006164        0x2 ./Core/Src/main.o
                0x20006164                sample_index
 .bss.fft_ready
                0x20006166        0x1 ./Core/Src/main.o
                0x20006166                fft_ready
 *fill*         0x20006167        0x1 
 .bss.ADC_VAL   0x20006168        0x4 ./Core/Src/main.o
                0x20006168                ADC_VAL
 .bss.__sbrk_heap_end
                0x2000616c        0x4 ./Core/Src/sysmem.o
 .bss.uwTick    0x20006170        0x4 ./Drivers/STM32L4xx_HAL_Driver/Src/stm32l4xx_hal.o
                0x20006170                uwTick
 .bss.__sf      0x20006174      0x138 C:/ST/STM32CubeIDE_1.18.0/STM32CubeIDE/plugins/com.st.stm32cube.ide.mcu.externaltools.gnu-tools-for-stm32.13.3.rel1.win32_1.0.0.202411081344/tools/bin/../lib/gcc/arm-none-eabi/13.3.1/../../../../arm-none-eabi/lib/thumb/v7e-m+fp/hard\libc_nano.a(libc_a-findfp.o)
                0x20006174                __sf
 .bss.errno     0x200062ac        0x4 C:/ST/STM32CubeIDE_1.18.0/STM32CubeIDE/plugins/com.st.stm32cube.ide.mcu.externaltools.gnu-tools-for-stm32.13.3.rel1.win32_1.0.0.202411081344/tools/bin/../lib/gcc/arm-none-eabi/13.3.1/../../../../arm-none-eabi/lib/thumb/v7e-m+fp/hard\libc_nano.a(libc_a-reent.o)
                0x200062ac                errno
 .bss.__lock___malloc_recursive_mutex
                0x200062b0        0x1 C:/ST/STM32CubeIDE_1.18.0/STM32CubeIDE/plugins/com.st.stm32cube.ide.mcu.externaltools.gnu-tools-for-stm32.13.3.rel1.win32_1.0.0.202411081344/tools/bin/../lib/gcc/arm-none-eabi/13.3.1/../../../../arm-none-eabi/lib/thumb/v7e-m+fp/hard\libc_nano.a(libc_a-lock.o)
                0x200062b0                __lock___malloc_recursive_mutex
 *fill*         0x200062b1        0x3 
 .bss.__malloc_sbrk_start
                0x200062b4        0x4 C:/ST/STM32CubeIDE_1.18.0/STM32CubeIDE/plugins/com.st.stm32cube.ide.mcu.externaltools.gnu-tools-for-stm32.13.3.rel1.win32_1.0.0.202411081344/tools/bin/../lib/gcc/arm-none-eabi/13.3.1/../../../../arm-none-eabi/lib/thumb/v7e-m+fp/hard\libc_nano.a(libc_a-mallocr.o)
                0x200062b4                __malloc_sbrk_start
 .bss.__malloc_free_list
                0x200062b8        0x4 C:/ST/STM32CubeIDE_1.18.0/STM32CubeIDE/plugins/com.st.stm32cube.ide.mcu.externaltools.gnu-tools-for-stm32.13.3.rel1.win32_1.0.0.202411081344/tools/bin/../lib/gcc/arm-none-eabi/13.3.1/../../../../arm-none-eabi/lib/thumb/v7e-m+fp/hard\libc_nano.a(libc_a-mallocr.o)
                0x200062b8                __malloc_free_list
 *(COMMON)
                0x200062bc                        . = ALIGN (0x4)
                0x200062bc                        _ebss = .
                0x200062bc                        __bss_end__ = _ebss

._user_heap_stack
                0x200062bc      0x604 load address 0x0802392c
                0x200062c0                        . = ALIGN (0x8)
 *fill*         0x200062bc        0x4 
                [!provide]                        PROVIDE (end = .)
                0x200062c0                        PROVIDE (_end = .)
                0x200064c0                        . = (. + _Min_Heap_Size)
 *fill*         0x200062c0      0x200 
                0x200068c0                        . = (. + _Min_Stack_Size)
 *fill*         0x200064c0      0x400 
                0x200068c0                        . = ALIGN (0x8)

/DISCARD/
 libc.a(*)
 libm.a(*)
 libgcc.a(*)

.ARM.attributes
                0x00000000       0x30
 *(.ARM.attributes)
 .ARM.attributes
                0x00000000       0x22 C:/ST/STM32CubeIDE_1.18.0/STM32CubeIDE/plugins/com.st.stm32cube.ide.mcu.externaltools.gnu-tools-for-stm32.13.3.rel1.win32_1.0.0.202411081344/tools/bin/../lib/gcc/arm-none-eabi/13.3.1/thumb/v7e-m+fp/hard/crti.o
 .ARM.attributes
                0x00000022       0x34 C:/ST/STM32CubeIDE_1.18.0/STM32CubeIDE/plugins/com.st.stm32cube.ide.mcu.externaltools.gnu-tools-for-stm32.13.3.rel1.win32_1.0.0.202411081344/tools/bin/../lib/gcc/arm-none-eabi/13.3.1/thumb/v7e-m+fp/hard/crtbegin.o
 .ARM.attributes
                0x00000056       0x34 ./Core/Src/main.o
 .ARM.attributes
                0x0000008a       0x34 ./Core/Src/stm32l4xx_hal_msp.o
 .ARM.attributes
                0x000000be       0x34 ./Core/Src/stm32l4xx_it.o
 .ARM.attributes
                0x000000f2       0x34 ./Core/Src/sysmem.o
 .ARM.attributes
                0x00000126       0x34 ./Core/Src/system_stm32l4xx.o
 .ARM.attributes
                0x0000015a       0x21 ./Core/Startup/startup_stm32l432kcux.o
 .ARM.attributes
                0x0000017b       0x34 ./Drivers/STM32L4xx_HAL_Driver/Src/stm32l4xx_hal.o
 .ARM.attributes
                0x000001af       0x34 ./Drivers/STM32L4xx_HAL_Driver/Src/stm32l4xx_hal_adc.o
 .ARM.attributes
                0x000001e3       0x34 ./Drivers/STM32L4xx_HAL_Driver/Src/stm32l4xx_hal_adc_ex.o
 .ARM.attributes
                0x00000217       0x34 ./Drivers/STM32L4xx_HAL_Driver/Src/stm32l4xx_hal_cortex.o
 .ARM.attributes
                0x0000024b       0x34 ./Drivers/STM32L4xx_HAL_Driver/Src/stm32l4xx_hal_gpio.o
 .ARM.attributes
                0x0000027f       0x34 ./Drivers/STM32L4xx_HAL_Driver/Src/stm32l4xx_hal_pwr_ex.o
 .ARM.attributes
                0x000002b3       0x34 ./Drivers/STM32L4xx_HAL_Driver/Src/stm32l4xx_hal_rcc.o
 .ARM.attributes
                0x000002e7       0x34 ./Drivers/STM32L4xx_HAL_Driver/Src/stm32l4xx_hal_rcc_ex.o
 .ARM.attributes
                0x0000031b       0x34 ./Drivers/STM32L4xx_HAL_Driver/Src/stm32l4xx_hal_uart.o
 .ARM.attributes
                0x0000034f       0x34 ../Middlewares/ST/ARM/DSP/Lib\libarm_cortexM4lf_math.a(arm_max_f32.o)
 .ARM.attributes
                0x00000383       0x34 ../Middlewares/ST/ARM/DSP/Lib\libarm_cortexM4lf_math.a(arm_rfft_fast_init_f32.o)
 .ARM.attributes
                0x000003b7       0x34 ../Middlewares/ST/ARM/DSP/Lib\libarm_cortexM4lf_math.a(arm_rfft_fast_f32.o)
 .ARM.attributes
                0x000003eb       0x34 ../Middlewares/ST/ARM/DSP/Lib\libarm_cortexM4lf_math.a(arm_cfft_f32.o)
 .ARM.attributes
                0x0000041f       0x34 ../Middlewares/ST/ARM/DSP/Lib\libarm_cortexM4lf_math.a(arm_bitreversal2.o)
 .ARM.attributes
                0x00000453       0x34 ../Middlewares/ST/ARM/DSP/Lib\libarm_cortexM4lf_math.a(arm_cmplx_mag_f32.o)
 .ARM.attributes
                0x00000487       0x39 ../Middlewares/ST/ARM/DSP/Lib\libarm_cortexM4lf_math.a(arm_common_tables.o)
 .ARM.attributes
                0x000004c0       0x34 ../Middlewares/ST/ARM/DSP/Lib\libarm_cortexM4lf_math.a(arm_cfft_init_f32.o)
 .ARM.attributes
                0x000004f4       0x34 ../Middlewares/ST/ARM/DSP/Lib\libarm_cortexM4lf_math.a(arm_cfft_radix8_f32.o)
 .ARM.attributes
                0x00000528       0x39 ../Middlewares/ST/ARM/DSP/Lib\libarm_cortexM4lf_math.a(arm_const_structs.o)
 .ARM.attributes
                0x00000561       0x34 C:/ST/STM32CubeIDE_1.18.0/STM32CubeIDE/plugins/com.st.stm32cube.ide.mcu.externaltools.gnu-tools-for-stm32.13.3.rel1.win32_1.0.0.202411081344/tools/bin/../lib/gcc/arm-none-eabi/13.3.1/../../../../arm-none-eabi/lib/thumb/v7e-m+fp/hard\libc_nano.a(libc_a-findfp.o)
 .ARM.attributes
                0x00000595       0x34 C:/ST/STM32CubeIDE_1.18.0/STM32CubeIDE/plugins/com.st.stm32cube.ide.mcu.externaltools.gnu-tools-for-stm32.13.3.rel1.win32_1.0.0.202411081344/tools/bin/../lib/gcc/arm-none-eabi/13.3.1/../../../../arm-none-eabi/lib/thumb/v7e-m+fp/hard\libc_nano.a(libc_a-snprintf.o)
 .ARM.attributes
                0x000005c9       0x34 C:/ST/STM32CubeIDE_1.18.0/STM32CubeIDE/plugins/com.st.stm32cube.ide.mcu.externaltools.gnu-tools-for-stm32.13.3.rel1.win32_1.0.0.202411081344/tools/bin/../lib/gcc/arm-none-eabi/13.3.1/../../../../arm-none-eabi/lib/thumb/v7e-m+fp/hard\libc_nano.a(libc_a-memset.o)
 .ARM.attributes
                0x000005fd       0x34 C:/ST/STM32CubeIDE_1.18.0/STM32CubeIDE/plugins/com.st.stm32cube.ide.mcu.externaltools.gnu-tools-for-stm32.13.3.rel1.win32_1.0.0.202411081344/tools/bin/../lib/gcc/arm-none-eabi/13.3.1/../../../../arm-none-eabi/lib/thumb/v7e-m+fp/hard\libc_nano.a(libc_a-reent.o)
 .ARM.attributes
                0x00000631       0x34 C:/ST/STM32CubeIDE_1.18.0/STM32CubeIDE/plugins/com.st.stm32cube.ide.mcu.externaltools.gnu-tools-for-stm32.13.3.rel1.win32_1.0.0.202411081344/tools/bin/../lib/gcc/arm-none-eabi/13.3.1/../../../../arm-none-eabi/lib/thumb/v7e-m+fp/hard\libc_nano.a(libc_a-impure.o)
 .ARM.attributes
                0x00000665       0x34 C:/ST/STM32CubeIDE_1.18.0/STM32CubeIDE/plugins/com.st.stm32cube.ide.mcu.externaltools.gnu-tools-for-stm32.13.3.rel1.win32_1.0.0.202411081344/tools/bin/../lib/gcc/arm-none-eabi/13.3.1/../../../../arm-none-eabi/lib/thumb/v7e-m+fp/hard\libc_nano.a(libc_a-errno.o)
 .ARM.attributes
                0x00000699       0x34 C:/ST/STM32CubeIDE_1.18.0/STM32CubeIDE/plugins/com.st.stm32cube.ide.mcu.externaltools.gnu-tools-for-stm32.13.3.rel1.win32_1.0.0.202411081344/tools/bin/../lib/gcc/arm-none-eabi/13.3.1/../../../../arm-none-eabi/lib/thumb/v7e-m+fp/hard\libc_nano.a(libc_a-init.o)
 .ARM.attributes
                0x000006cd       0x34 C:/ST/STM32CubeIDE_1.18.0/STM32CubeIDE/plugins/com.st.stm32cube.ide.mcu.externaltools.gnu-tools-for-stm32.13.3.rel1.win32_1.0.0.202411081344/tools/bin/../lib/gcc/arm-none-eabi/13.3.1/../../../../arm-none-eabi/lib/thumb/v7e-m+fp/hard\libc_nano.a(libc_a-lock.o)
 .ARM.attributes
                0x00000701       0x17 C:/ST/STM32CubeIDE_1.18.0/STM32CubeIDE/plugins/com.st.stm32cube.ide.mcu.externaltools.gnu-tools-for-stm32.13.3.rel1.win32_1.0.0.202411081344/tools/bin/../lib/gcc/arm-none-eabi/13.3.1/../../../../arm-none-eabi/lib/thumb/v7e-m+fp/hard\libc_nano.a(libc_a-strlen.o)
 .ARM.attributes
                0x00000718       0x34 C:/ST/STM32CubeIDE_1.18.0/STM32CubeIDE/plugins/com.st.stm32cube.ide.mcu.externaltools.gnu-tools-for-stm32.13.3.rel1.win32_1.0.0.202411081344/tools/bin/../lib/gcc/arm-none-eabi/13.3.1/../../../../arm-none-eabi/lib/thumb/v7e-m+fp/hard\libc_nano.a(libc_a-freer.o)
 .ARM.attributes
                0x0000074c       0x34 C:/ST/STM32CubeIDE_1.18.0/STM32CubeIDE/plugins/com.st.stm32cube.ide.mcu.externaltools.gnu-tools-for-stm32.13.3.rel1.win32_1.0.0.202411081344/tools/bin/../lib/gcc/arm-none-eabi/13.3.1/../../../../arm-none-eabi/lib/thumb/v7e-m+fp/hard\libc_nano.a(libc_a-mallocr.o)
 .ARM.attributes
                0x00000780       0x34 C:/ST/STM32CubeIDE_1.18.0/STM32CubeIDE/plugins/com.st.stm32cube.ide.mcu.externaltools.gnu-tools-for-stm32.13.3.rel1.win32_1.0.0.202411081344/tools/bin/../lib/gcc/arm-none-eabi/13.3.1/../../../../arm-none-eabi/lib/thumb/v7e-m+fp/hard\libc_nano.a(libc_a-mlock.o)
 .ARM.attributes
                0x000007b4       0x34 C:/ST/STM32CubeIDE_1.18.0/STM32CubeIDE/plugins/com.st.stm32cube.ide.mcu.externaltools.gnu-tools-for-stm32.13.3.rel1.win32_1.0.0.202411081344/tools/bin/../lib/gcc/arm-none-eabi/13.3.1/../../../../arm-none-eabi/lib/thumb/v7e-m+fp/hard\libc_nano.a(libc_a-nano-svfprintf.o)
 .ARM.attributes
                0x000007e8       0x34 C:/ST/STM32CubeIDE_1.18.0/STM32CubeIDE/plugins/com.st.stm32cube.ide.mcu.externaltools.gnu-tools-for-stm32.13.3.rel1.win32_1.0.0.202411081344/tools/bin/../lib/gcc/arm-none-eabi/13.3.1/../../../../arm-none-eabi/lib/thumb/v7e-m+fp/hard\libc_nano.a(libc_a-nano-vfprintf_i.o)
 .ARM.attributes
                0x0000081c       0x34 C:/ST/STM32CubeIDE_1.18.0/STM32CubeIDE/plugins/com.st.stm32cube.ide.mcu.externaltools.gnu-tools-for-stm32.13.3.rel1.win32_1.0.0.202411081344/tools/bin/../lib/gcc/arm-none-eabi/13.3.1/../../../../arm-none-eabi/lib/thumb/v7e-m+fp/hard\libc_nano.a(libc_a-memmove.o)
 .ARM.attributes
                0x00000850       0x34 C:/ST/STM32CubeIDE_1.18.0/STM32CubeIDE/plugins/com.st.stm32cube.ide.mcu.externaltools.gnu-tools-for-stm32.13.3.rel1.win32_1.0.0.202411081344/tools/bin/../lib/gcc/arm-none-eabi/13.3.1/../../../../arm-none-eabi/lib/thumb/v7e-m+fp/hard\libc_nano.a(libc_a-sbrkr.o)
 .ARM.attributes
                0x00000884       0x1c C:/ST/STM32CubeIDE_1.18.0/STM32CubeIDE/plugins/com.st.stm32cube.ide.mcu.externaltools.gnu-tools-for-stm32.13.3.rel1.win32_1.0.0.202411081344/tools/bin/../lib/gcc/arm-none-eabi/13.3.1/../../../../arm-none-eabi/lib/thumb/v7e-m+fp/hard\libc_nano.a(libc_a-memchr.o)
 .ARM.attributes
                0x000008a0       0x34 C:/ST/STM32CubeIDE_1.18.0/STM32CubeIDE/plugins/com.st.stm32cube.ide.mcu.externaltools.gnu-tools-for-stm32.13.3.rel1.win32_1.0.0.202411081344/tools/bin/../lib/gcc/arm-none-eabi/13.3.1/../../../../arm-none-eabi/lib/thumb/v7e-m+fp/hard\libc_nano.a(libc_a-memcpy-stub.o)
 .ARM.attributes
                0x000008d4       0x34 C:/ST/STM32CubeIDE_1.18.0/STM32CubeIDE/plugins/com.st.stm32cube.ide.mcu.externaltools.gnu-tools-for-stm32.13.3.rel1.win32_1.0.0.202411081344/tools/bin/../lib/gcc/arm-none-eabi/13.3.1/../../../../arm-none-eabi/lib/thumb/v7e-m+fp/hard\libc_nano.a(libc_a-reallocr.o)
 .ARM.attributes
                0x00000908       0x34 C:/ST/STM32CubeIDE_1.18.0/STM32CubeIDE/plugins/com.st.stm32cube.ide.mcu.externaltools.gnu-tools-for-stm32.13.3.rel1.win32_1.0.0.202411081344/tools/bin/../lib/gcc/arm-none-eabi/13.3.1/../../../../arm-none-eabi/lib/thumb/v7e-m+fp/hard\libc_nano.a(libc_a-msizer.o)
 .ARM.attributes
                0x0000093c       0x34 C:/ST/STM32CubeIDE_1.18.0/STM32CubeIDE/plugins/com.st.stm32cube.ide.mcu.externaltools.gnu-tools-for-stm32.13.3.rel1.win32_1.0.0.202411081344/tools/bin/../lib/gcc/arm-none-eabi/13.3.1/../../../../arm-none-eabi/lib/thumb/v7e-m+fp/hard\libm.a(libm_a-wf_sqrt.o)
 .ARM.attributes
                0x00000970       0x34 C:/ST/STM32CubeIDE_1.18.0/STM32CubeIDE/plugins/com.st.stm32cube.ide.mcu.externaltools.gnu-tools-for-stm32.13.3.rel1.win32_1.0.0.202411081344/tools/bin/../lib/gcc/arm-none-eabi/13.3.1/../../../../arm-none-eabi/lib/thumb/v7e-m+fp/hard\libm.a(libm_a-ef_sqrt.o)
 .ARM.attributes
                0x000009a4       0x22 C:/ST/STM32CubeIDE_1.18.0/STM32CubeIDE/plugins/com.st.stm32cube.ide.mcu.externaltools.gnu-tools-for-stm32.13.3.rel1.win32_1.0.0.202411081344/tools/bin/../lib/gcc/arm-none-eabi/13.3.1/thumb/v7e-m+fp/hard\libgcc.a(_aeabi_uldivmod.o)
 .ARM.attributes
                0x000009c6       0x34 C:/ST/STM32CubeIDE_1.18.0/STM32CubeIDE/plugins/com.st.stm32cube.ide.mcu.externaltools.gnu-tools-for-stm32.13.3.rel1.win32_1.0.0.202411081344/tools/bin/../lib/gcc/arm-none-eabi/13.3.1/thumb/v7e-m+fp/hard\libgcc.a(_udivmoddi4.o)
 .ARM.attributes
                0x000009fa       0x22 C:/ST/STM32CubeIDE_1.18.0/STM32CubeIDE/plugins/com.st.stm32cube.ide.mcu.externaltools.gnu-tools-for-stm32.13.3.rel1.win32_1.0.0.202411081344/tools/bin/../lib/gcc/arm-none-eabi/13.3.1/thumb/v7e-m+fp/hard\libgcc.a(_dvmd_tls.o)
 .ARM.attributes
                0x00000a1c       0x22 C:/ST/STM32CubeIDE_1.18.0/STM32CubeIDE/plugins/com.st.stm32cube.ide.mcu.externaltools.gnu-tools-for-stm32.13.3.rel1.win32_1.0.0.202411081344/tools/bin/../lib/gcc/arm-none-eabi/13.3.1/thumb/v7e-m+fp/hard/crtn.o
OUTPUT(FFT.elf elf32-littlearm)
LOAD linker stubs
LOAD C:/ST/STM32CubeIDE_1.18.0/STM32CubeIDE/plugins/com.st.stm32cube.ide.mcu.externaltools.gnu-tools-for-stm32.13.3.rel1.win32_1.0.0.202411081344/tools/bin/../lib/gcc/arm-none-eabi/13.3.1/../../../../arm-none-eabi/lib/thumb/v7e-m+fp/hard\libc.a
LOAD C:/ST/STM32CubeIDE_1.18.0/STM32CubeIDE/plugins/com.st.stm32cube.ide.mcu.externaltools.gnu-tools-for-stm32.13.3.rel1.win32_1.0.0.202411081344/tools/bin/../lib/gcc/arm-none-eabi/13.3.1/../../../../arm-none-eabi/lib/thumb/v7e-m+fp/hard\libm.a
LOAD C:/ST/STM32CubeIDE_1.18.0/STM32CubeIDE/plugins/com.st.stm32cube.ide.mcu.externaltools.gnu-tools-for-stm32.13.3.rel1.win32_1.0.0.202411081344/tools/bin/../lib/gcc/arm-none-eabi/13.3.1/thumb/v7e-m+fp/hard\libgcc.a

.debug_info     0x00000000    0x1d1ba
 .debug_info    0x00000000     0x1656 ./Core/Src/main.o
 .debug_info    0x00001656     0x1303 ./Core/Src/stm32l4xx_hal_msp.o
 .debug_info    0x00002959      0x785 ./Core/Src/stm32l4xx_it.o
 .debug_info    0x000030de      0x168 ./Core/Src/sysmem.o
 .debug_info    0x00003246      0x5bf ./Core/Src/system_stm32l4xx.o
 .debug_info    0x00003805       0x30 ./Core/Startup/startup_stm32l432kcux.o
 .debug_info    0x00003835      0x99e ./Drivers/STM32L4xx_HAL_Driver/Src/stm32l4xx_hal.o
 .debug_info    0x000041d3     0x1cc4 ./Drivers/STM32L4xx_HAL_Driver/Src/stm32l4xx_hal_adc.o
 .debug_info    0x00005e97     0x17da ./Drivers/STM32L4xx_HAL_Driver/Src/stm32l4xx_hal_adc_ex.o
 .debug_info    0x00007671      0xd03 ./Drivers/STM32L4xx_HAL_Driver/Src/stm32l4xx_hal_cortex.o
 .debug_info    0x00008374      0x757 ./Drivers/STM32L4xx_HAL_Driver/Src/stm32l4xx_hal_gpio.o
 .debug_info    0x00008acb      0x920 ./Drivers/STM32L4xx_HAL_Driver/Src/stm32l4xx_hal_pwr_ex.o
 .debug_info    0x000093eb      0xbc3 ./Drivers/STM32L4xx_HAL_Driver/Src/stm32l4xx_hal_rcc.o
 .debug_info    0x00009fae      0xee5 ./Drivers/STM32L4xx_HAL_Driver/Src/stm32l4xx_hal_rcc_ex.o
 .debug_info    0x0000ae93     0x3b77 ./Drivers/STM32L4xx_HAL_Driver/Src/stm32l4xx_hal_uart.o
 .debug_info    0x0000ea0a      0xb46 ../Middlewares/ST/ARM/DSP/Lib\libarm_cortexM4lf_math.a(arm_max_f32.o)
 .debug_info    0x0000f550     0x1c2f ../Middlewares/ST/ARM/DSP/Lib\libarm_cortexM4lf_math.a(arm_rfft_fast_init_f32.o)
 .debug_info    0x0001117f      0xfb8 ../Middlewares/ST/ARM/DSP/Lib\libarm_cortexM4lf_math.a(arm_rfft_fast_f32.o)
 .debug_info    0x00012137     0x1ed6 ../Middlewares/ST/ARM/DSP/Lib\libarm_cortexM4lf_math.a(arm_cfft_f32.o)
 .debug_info    0x0001400d     0x19aa ../Middlewares/ST/ARM/DSP/Lib\libarm_cortexM4lf_math.a(arm_bitreversal2.o)
 .debug_info    0x000159b7      0xcbb ../Middlewares/ST/ARM/DSP/Lib\libarm_cortexM4lf_math.a(arm_cmplx_mag_f32.o)
 .debug_info    0x00016672     0x1e86 ../Middlewares/ST/ARM/DSP/Lib\libarm_cortexM4lf_math.a(arm_common_tables.o)
 .debug_info    0x000184f8     0x1c05 ../Middlewares/ST/ARM/DSP/Lib\libarm_cortexM4lf_math.a(arm_cfft_init_f32.o)
 .debug_info    0x0001a0fd      0xeda ../Middlewares/ST/ARM/DSP/Lib\libarm_cortexM4lf_math.a(arm_cfft_radix8_f32.o)
 .debug_info    0x0001afd7     0x21e3 ../Middlewares/ST/ARM/DSP/Lib\libarm_cortexM4lf_math.a(arm_const_structs.o)

.debug_abbrev   0x00000000     0x35c6
 .debug_abbrev  0x00000000      0x2f8 ./Core/Src/main.o
 .debug_abbrev  0x000002f8      0x1d7 ./Core/Src/stm32l4xx_hal_msp.o
 .debug_abbrev  0x000004cf      0x18f ./Core/Src/stm32l4xx_it.o
 .debug_abbrev  0x0000065e       0xbc ./Core/Src/sysmem.o
 .debug_abbrev  0x0000071a      0x11a ./Core/Src/system_stm32l4xx.o
 .debug_abbrev  0x00000834       0x24 ./Core/Startup/startup_stm32l432kcux.o
 .debug_abbrev  0x00000858      0x225 ./Drivers/STM32L4xx_HAL_Driver/Src/stm32l4xx_hal.o
 .debug_abbrev  0x00000a7d      0x2d7 ./Drivers/STM32L4xx_HAL_Driver/Src/stm32l4xx_hal_adc.o
 .debug_abbrev  0x00000d54      0x2d8 ./Drivers/STM32L4xx_HAL_Driver/Src/stm32l4xx_hal_adc_ex.o
 .debug_abbrev  0x0000102c      0x31c ./Drivers/STM32L4xx_HAL_Driver/Src/stm32l4xx_hal_cortex.o
 .debug_abbrev  0x00001348      0x1cb ./Drivers/STM32L4xx_HAL_Driver/Src/stm32l4xx_hal_gpio.o
 .debug_abbrev  0x00001513      0x1f9 ./Drivers/STM32L4xx_HAL_Driver/Src/stm32l4xx_hal_pwr_ex.o
 .debug_abbrev  0x0000170c      0x2cb ./Drivers/STM32L4xx_HAL_Driver/Src/stm32l4xx_hal_rcc.o
 .debug_abbrev  0x000019d7      0x2a1 ./Drivers/STM32L4xx_HAL_Driver/Src/stm32l4xx_hal_rcc_ex.o
 .debug_abbrev  0x00001c78      0x2d0 ./Drivers/STM32L4xx_HAL_Driver/Src/stm32l4xx_hal_uart.o
 .debug_abbrev  0x00001f48      0x212 ../Middlewares/ST/ARM/DSP/Lib\libarm_cortexM4lf_math.a(arm_max_f32.o)
 .debug_abbrev  0x0000215a      0x2c9 ../Middlewares/ST/ARM/DSP/Lib\libarm_cortexM4lf_math.a(arm_rfft_fast_init_f32.o)
 .debug_abbrev  0x00002423      0x260 ../Middlewares/ST/ARM/DSP/Lib\libarm_cortexM4lf_math.a(arm_rfft_fast_f32.o)
 .debug_abbrev  0x00002683      0x288 ../Middlewares/ST/ARM/DSP/Lib\libarm_cortexM4lf_math.a(arm_cfft_f32.o)
 .debug_abbrev  0x0000290b      0x21a ../Middlewares/ST/ARM/DSP/Lib\libarm_cortexM4lf_math.a(arm_bitreversal2.o)
 .debug_abbrev  0x00002b25      0x288 ../Middlewares/ST/ARM/DSP/Lib\libarm_cortexM4lf_math.a(arm_cmplx_mag_f32.o)
 .debug_abbrev  0x00002dad      0x1ec ../Middlewares/ST/ARM/DSP/Lib\libarm_cortexM4lf_math.a(arm_common_tables.o)
 .debug_abbrev  0x00002f99      0x232 ../Middlewares/ST/ARM/DSP/Lib\libarm_cortexM4lf_math.a(arm_cfft_init_f32.o)
 .debug_abbrev  0x000031cb      0x20b ../Middlewares/ST/ARM/DSP/Lib\libarm_cortexM4lf_math.a(arm_cfft_radix8_f32.o)
 .debug_abbrev  0x000033d6      0x1f0 ../Middlewares/ST/ARM/DSP/Lib\libarm_cortexM4lf_math.a(arm_const_structs.o)

.debug_aranges  0x00000000      0xde8
 .debug_aranges
                0x00000000       0x58 ./Core/Src/main.o
 .debug_aranges
                0x00000058       0x40 ./Core/Src/stm32l4xx_hal_msp.o
 .debug_aranges
                0x00000098       0x68 ./Core/Src/stm32l4xx_it.o
 .debug_aranges
                0x00000100       0x20 ./Core/Src/sysmem.o
 .debug_aranges
                0x00000120       0x28 ./Core/Src/system_stm32l4xx.o
 .debug_aranges
                0x00000148       0x28 ./Core/Startup/startup_stm32l432kcux.o
 .debug_aranges
                0x00000170      0x108 ./Drivers/STM32L4xx_HAL_Driver/Src/stm32l4xx_hal.o
 .debug_aranges
                0x00000278      0x210 ./Drivers/STM32L4xx_HAL_Driver/Src/stm32l4xx_hal_adc.o
 .debug_aranges
                0x00000488      0x170 ./Drivers/STM32L4xx_HAL_Driver/Src/stm32l4xx_hal_adc_ex.o
 .debug_aranges
                0x000005f8      0x128 ./Drivers/STM32L4xx_HAL_Driver/Src/stm32l4xx_hal_cortex.o
 .debug_aranges
                0x00000720       0x58 ./Drivers/STM32L4xx_HAL_Driver/Src/stm32l4xx_hal_gpio.o
 .debug_aranges
                0x00000778      0x128 ./Drivers/STM32L4xx_HAL_Driver/Src/stm32l4xx_hal_pwr_ex.o
 .debug_aranges
                0x000008a0       0x90 ./Drivers/STM32L4xx_HAL_Driver/Src/stm32l4xx_hal_rcc.o
 .debug_aranges
                0x00000930       0xf0 ./Drivers/STM32L4xx_HAL_Driver/Src/stm32l4xx_hal_rcc_ex.o
 .debug_aranges
                0x00000a20      0x228 ./Drivers/STM32L4xx_HAL_Driver/Src/stm32l4xx_hal_uart.o
 .debug_aranges
                0x00000c48       0x20 ../Middlewares/ST/ARM/DSP/Lib\libarm_cortexM4lf_math.a(arm_max_f32.o)
 .debug_aranges
                0x00000c68       0x60 ../Middlewares/ST/ARM/DSP/Lib\libarm_cortexM4lf_math.a(arm_rfft_fast_init_f32.o)
 .debug_aranges
                0x00000cc8       0x30 ../Middlewares/ST/ARM/DSP/Lib\libarm_cortexM4lf_math.a(arm_rfft_fast_f32.o)
 .debug_aranges
                0x00000cf8       0x30 ../Middlewares/ST/ARM/DSP/Lib\libarm_cortexM4lf_math.a(arm_cfft_f32.o)
 .debug_aranges
                0x00000d28       0x30 ../Middlewares/ST/ARM/DSP/Lib\libarm_cortexM4lf_math.a(arm_bitreversal2.o)
 .debug_aranges
                0x00000d58       0x20 ../Middlewares/ST/ARM/DSP/Lib\libarm_cortexM4lf_math.a(arm_cmplx_mag_f32.o)
 .debug_aranges
                0x00000d78       0x18 ../Middlewares/ST/ARM/DSP/Lib\libarm_cortexM4lf_math.a(arm_common_tables.o)
 .debug_aranges
                0x00000d90       0x20 ../Middlewares/ST/ARM/DSP/Lib\libarm_cortexM4lf_math.a(arm_cfft_init_f32.o)
 .debug_aranges
                0x00000db0       0x20 ../Middlewares/ST/ARM/DSP/Lib\libarm_cortexM4lf_math.a(arm_cfft_radix8_f32.o)
 .debug_aranges
                0x00000dd0       0x18 ../Middlewares/ST/ARM/DSP/Lib\libarm_cortexM4lf_math.a(arm_const_structs.o)

.debug_rnglists
                0x00000000      0x968
 .debug_rnglists
                0x00000000       0x41 ./Core/Src/main.o
 .debug_rnglists
                0x00000041       0x2d ./Core/Src/stm32l4xx_hal_msp.o
 .debug_rnglists
                0x0000006e       0x49 ./Core/Src/stm32l4xx_it.o
 .debug_rnglists
                0x000000b7       0x13 ./Core/Src/sysmem.o
 .debug_rnglists
                0x000000ca       0x1a ./Core/Src/system_stm32l4xx.o
 .debug_rnglists
                0x000000e4       0x19 ./Core/Startup/startup_stm32l432kcux.o
 .debug_rnglists
                0x000000fd       0xc1 ./Drivers/STM32L4xx_HAL_Driver/Src/stm32l4xx_hal.o
 .debug_rnglists
                0x000001be      0x196 ./Drivers/STM32L4xx_HAL_Driver/Src/stm32l4xx_hal_adc.o
 .debug_rnglists
                0x00000354      0x11a ./Drivers/STM32L4xx_HAL_Driver/Src/stm32l4xx_hal_adc_ex.o
 .debug_rnglists
                0x0000046e       0xda ./Drivers/STM32L4xx_HAL_Driver/Src/stm32l4xx_hal_cortex.o
 .debug_rnglists
                0x00000548       0x3f ./Drivers/STM32L4xx_HAL_Driver/Src/stm32l4xx_hal_gpio.o
 .debug_rnglists
                0x00000587       0xdf ./Drivers/STM32L4xx_HAL_Driver/Src/stm32l4xx_hal_pwr_ex.o
 .debug_rnglists
                0x00000666       0x6d ./Drivers/STM32L4xx_HAL_Driver/Src/stm32l4xx_hal_rcc.o
 .debug_rnglists
                0x000006d3       0xba ./Drivers/STM32L4xx_HAL_Driver/Src/stm32l4xx_hal_rcc_ex.o
 .debug_rnglists
                0x0000078d      0x1db ./Drivers/STM32L4xx_HAL_Driver/Src/stm32l4xx_hal_uart.o

.debug_macro    0x00000000    0x21b14
 .debug_macro   0x00000000      0x329 ./Core/Src/main.o
 .debug_macro   0x00000329      0xad8 ./Core/Src/main.o
 .debug_macro   0x00000e01      0x1a7 ./Core/Src/main.o
 .debug_macro   0x00000fa8       0x2e ./Core/Src/main.o
 .debug_macro   0x00000fd6       0x28 ./Core/Src/main.o
 .debug_macro   0x00000ffe       0x22 ./Core/Src/main.o
 .debug_macro   0x00001020       0x8e ./Core/Src/main.o
 .debug_macro   0x000010ae       0x51 ./Core/Src/main.o
 .debug_macro   0x000010ff      0x103 ./Core/Src/main.o
 .debug_macro   0x00001202       0x6a ./Core/Src/main.o
 .debug_macro   0x0000126c      0x1df ./Core/Src/main.o
 .debug_macro   0x0000144b       0x1c ./Core/Src/main.o
 .debug_macro   0x00001467       0x22 ./Core/Src/main.o
 .debug_macro   0x00001489       0xfb ./Core/Src/main.o
 .debug_macro   0x00001584     0x1011 ./Core/Src/main.o
 .debug_macro   0x00002595      0x11f ./Core/Src/main.o
 .debug_macro   0x000026b4    0x147a6 ./Core/Src/main.o
 .debug_macro   0x00016e5a       0x6d ./Core/Src/main.o
 .debug_macro   0x00016ec7     0x38fb ./Core/Src/main.o
 .debug_macro   0x0001a7c2      0x190 ./Core/Src/main.o
 .debug_macro   0x0001a952       0x5c ./Core/Src/main.o
 .debug_macro   0x0001a9ae     0x11ca ./Core/Src/main.o
 .debug_macro   0x0001bb78      0x53c ./Core/Src/main.o
 .debug_macro   0x0001c0b4      0x1b9 ./Core/Src/main.o
 .debug_macro   0x0001c26d      0x122 ./Core/Src/main.o
 .debug_macro   0x0001c38f      0x26b ./Core/Src/main.o
 .debug_macro   0x0001c5fa      0x23d ./Core/Src/main.o
 .debug_macro   0x0001c837      0xde6 ./Core/Src/main.o
 .debug_macro   0x0001d61d      0x61d ./Core/Src/main.o
 .debug_macro   0x0001dc3a      0x241 ./Core/Src/main.o
 .debug_macro   0x0001de7b      0x241 ./Core/Src/main.o
 .debug_macro   0x0001e0bc      0x375 ./Core/Src/main.o
 .debug_macro   0x0001e431       0xd6 ./Core/Src/main.o
 .debug_macro   0x0001e507      0x122 ./Core/Src/main.o
 .debug_macro   0x0001e629      0x356 ./Core/Src/main.o
 .debug_macro   0x0001e97f      0x5cf ./Core/Src/main.o
 .debug_macro   0x0001ef4e       0x44 ./Core/Src/main.o
 .debug_macro   0x0001ef92      0x220 ./Core/Src/main.o
 .debug_macro   0x0001f1b2       0x40 ./Core/Src/main.o
 .debug_macro   0x0001f1f2       0x61 ./Core/Src/main.o
 .debug_macro   0x0001f253       0x2a ./Core/Src/main.o
 .debug_macro   0x0001f27d       0x43 ./Core/Src/main.o
 .debug_macro   0x0001f2c0       0x34 ./Core/Src/main.o
 .debug_macro   0x0001f2f4      0x370 ./Core/Src/main.o
 .debug_macro   0x0001f664       0x16 ./Core/Src/main.o
 .debug_macro   0x0001f67a       0x4a ./Core/Src/main.o
 .debug_macro   0x0001f6c4       0x34 ./Core/Src/main.o
 .debug_macro   0x0001f6f8       0x10 ./Core/Src/main.o
 .debug_macro   0x0001f708       0x58 ./Core/Src/main.o
 .debug_macro   0x0001f760       0x8e ./Core/Src/main.o
 .debug_macro   0x0001f7ee       0x1c ./Core/Src/main.o
 .debug_macro   0x0001f80a      0x185 ./Core/Src/main.o
 .debug_macro   0x0001f98f       0x10 ./Core/Src/main.o
 .debug_macro   0x0001f99f       0x3c ./Core/Src/main.o
 .debug_macro   0x0001f9db       0x20 ./Core/Src/main.o
 .debug_macro   0x0001f9fb      0x19b ./Core/Src/main.o
 .debug_macro   0x0001fb96      0x201 ./Core/Src/main.o
 .debug_macro   0x0001fd97       0x7c ./Core/Src/main.o
 .debug_macro   0x0001fe13       0x17 ./Core/Src/main.o
 .debug_macro   0x0001fe2a      0x118 ./Core/Src/main.o
 .debug_macro   0x0001ff42      0x169 ./Core/Src/main.o
 .debug_macro   0x000200ab      0x1de ./Core/Src/stm32l4xx_hal_msp.o
 .debug_macro   0x00020289      0x1e8 ./Core/Src/stm32l4xx_it.o
 .debug_macro   0x00020471      0x112 ./Core/Src/sysmem.o
 .debug_macro   0x00020583      0x23c ./Core/Src/sysmem.o
 .debug_macro   0x000207bf      0x1cf ./Core/Src/system_stm32l4xx.o
 .debug_macro   0x0002098e      0x217 ./Drivers/STM32L4xx_HAL_Driver/Src/stm32l4xx_hal.o
 .debug_macro   0x00020ba5      0x1ec ./Drivers/STM32L4xx_HAL_Driver/Src/stm32l4xx_hal_adc.o
 .debug_macro   0x00020d91      0x1db ./Drivers/STM32L4xx_HAL_Driver/Src/stm32l4xx_hal_adc_ex.o
 .debug_macro   0x00020f6c      0x1cf ./Drivers/STM32L4xx_HAL_Driver/Src/stm32l4xx_hal_cortex.o
 .debug_macro   0x0002113b      0x1d6 ./Drivers/STM32L4xx_HAL_Driver/Src/stm32l4xx_hal_gpio.o
 .debug_macro   0x00021311      0x1f3 ./Drivers/STM32L4xx_HAL_Driver/Src/stm32l4xx_hal_pwr_ex.o
 .debug_macro   0x00021504      0x211 ./Drivers/STM32L4xx_HAL_Driver/Src/stm32l4xx_hal_rcc.o
 .debug_macro   0x00021715      0x205 ./Drivers/STM32L4xx_HAL_Driver/Src/stm32l4xx_hal_rcc_ex.o
 .debug_macro   0x0002191a      0x1fa ./Drivers/STM32L4xx_HAL_Driver/Src/stm32l4xx_hal_uart.o

.debug_line     0x00000000    0x113fc
 .debug_line    0x00000000      0xb69 ./Core/Src/main.o
 .debug_line    0x00000b69      0x83f ./Core/Src/stm32l4xx_hal_msp.o
 .debug_line    0x000013a8      0x824 ./Core/Src/stm32l4xx_it.o
 .debug_line    0x00001bcc      0x588 ./Core/Src/sysmem.o
 .debug_line    0x00002154      0x7fb ./Core/Src/system_stm32l4xx.o
 .debug_line    0x0000294f       0x7a ./Core/Startup/startup_stm32l432kcux.o
 .debug_line    0x000029c9      0xac8 ./Drivers/STM32L4xx_HAL_Driver/Src/stm32l4xx_hal.o
 .debug_line    0x00003491     0x1cd7 ./Drivers/STM32L4xx_HAL_Driver/Src/stm32l4xx_hal_adc.o
 .debug_line    0x00005168     0x14fe ./Drivers/STM32L4xx_HAL_Driver/Src/stm32l4xx_hal_adc_ex.o
 .debug_line    0x00006666      0xcfe ./Drivers/STM32L4xx_HAL_Driver/Src/stm32l4xx_hal_cortex.o
 .debug_line    0x00007364      0xb3a ./Drivers/STM32L4xx_HAL_Driver/Src/stm32l4xx_hal_gpio.o
 .debug_line    0x00007e9e      0xc4c ./Drivers/STM32L4xx_HAL_Driver/Src/stm32l4xx_hal_pwr_ex.o
 .debug_line    0x00008aea     0x1106 ./Drivers/STM32L4xx_HAL_Driver/Src/stm32l4xx_hal_rcc.o
 .debug_line    0x00009bf0     0x1387 ./Drivers/STM32L4xx_HAL_Driver/Src/stm32l4xx_hal_rcc_ex.o
 .debug_line    0x0000af77     0x2d0a ./Drivers/STM32L4xx_HAL_Driver/Src/stm32l4xx_hal_uart.o
 .debug_line    0x0000dc81      0x32d ../Middlewares/ST/ARM/DSP/Lib\libarm_cortexM4lf_math.a(arm_max_f32.o)
 .debug_line    0x0000dfae      0x4d0 ../Middlewares/ST/ARM/DSP/Lib\libarm_cortexM4lf_math.a(arm_rfft_fast_init_f32.o)
 .debug_line    0x0000e47e      0x4ab ../Middlewares/ST/ARM/DSP/Lib\libarm_cortexM4lf_math.a(arm_rfft_fast_f32.o)
 .debug_line    0x0000e929      0xef2 ../Middlewares/ST/ARM/DSP/Lib\libarm_cortexM4lf_math.a(arm_cfft_f32.o)
 .debug_line    0x0000f81b      0x39a ../Middlewares/ST/ARM/DSP/Lib\libarm_cortexM4lf_math.a(arm_bitreversal2.o)
 .debug_line    0x0000fbb5      0x501 ../Middlewares/ST/ARM/DSP/Lib\libarm_cortexM4lf_math.a(arm_cmplx_mag_f32.o)
 .debug_line    0x000100b6      0x1f7 ../Middlewares/ST/ARM/DSP/Lib\libarm_cortexM4lf_math.a(arm_common_tables.o)
 .debug_line    0x000102ad      0x2a5 ../Middlewares/ST/ARM/DSP/Lib\libarm_cortexM4lf_math.a(arm_cfft_init_f32.o)
 .debug_line    0x00010552      0xc9c ../Middlewares/ST/ARM/DSP/Lib\libarm_cortexM4lf_math.a(arm_cfft_radix8_f32.o)
 .debug_line    0x000111ee      0x20e ../Middlewares/ST/ARM/DSP/Lib\libarm_cortexM4lf_math.a(arm_const_structs.o)

.debug_str      0x00000000    0xd2b0a
 .debug_str     0x00000000    0xd2b0a ./Core/Src/main.o
                              0xcdb86 (size before relaxing)
 .debug_str     0x000d2b0a    0xc8fb4 ./Core/Src/stm32l4xx_hal_msp.o
 .debug_str     0x000d2b0a    0xc8635 ./Core/Src/stm32l4xx_it.o
 .debug_str     0x000d2b0a     0x776c ./Core/Src/sysmem.o
 .debug_str     0x000d2b0a    0xc8216 ./Core/Src/system_stm32l4xx.o
 .debug_str     0x000d2b0a       0x6e ./Core/Startup/startup_stm32l432kcux.o
 .debug_str     0x000d2b0a    0xc8ba3 ./Drivers/STM32L4xx_HAL_Driver/Src/stm32l4xx_hal.o
 .debug_str     0x000d2b0a    0xc8ff9 ./Drivers/STM32L4xx_HAL_Driver/Src/stm32l4xx_hal_adc.o
 .debug_str     0x000d2b0a    0xc8e23 ./Drivers/STM32L4xx_HAL_Driver/Src/stm32l4xx_hal_adc_ex.o
 .debug_str     0x000d2b0a    0xc8976 ./Drivers/STM32L4xx_HAL_Driver/Src/stm32l4xx_hal_cortex.o
 .debug_str     0x000d2b0a    0xc838a ./Drivers/STM32L4xx_HAL_Driver/Src/stm32l4xx_hal_gpio.o
 .debug_str     0x000d2b0a    0xc86be ./Drivers/STM32L4xx_HAL_Driver/Src/stm32l4xx_hal_pwr_ex.o
 .debug_str     0x000d2b0a    0xc8816 ./Drivers/STM32L4xx_HAL_Driver/Src/stm32l4xx_hal_rcc.o
 .debug_str     0x000d2b0a    0xc8a76 ./Drivers/STM32L4xx_HAL_Driver/Src/stm32l4xx_hal_rcc_ex.o
 .debug_str     0x000d2b0a    0xc8f6e ./Drivers/STM32L4xx_HAL_Driver/Src/stm32l4xx_hal_uart.o
 .debug_str     0x000d2b0a      0x68d ../Middlewares/ST/ARM/DSP/Lib\libarm_cortexM4lf_math.a(arm_max_f32.o)
 .debug_str     0x000d2b0a     0x11c9 ../Middlewares/ST/ARM/DSP/Lib\libarm_cortexM4lf_math.a(arm_rfft_fast_init_f32.o)
 .debug_str     0x000d2b0a      0x73b ../Middlewares/ST/ARM/DSP/Lib\libarm_cortexM4lf_math.a(arm_rfft_fast_f32.o)
 .debug_str     0x000d2b0a     0x10f3 ../Middlewares/ST/ARM/DSP/Lib\libarm_cortexM4lf_math.a(arm_cfft_f32.o)
 .debug_str     0x000d2b0a      0xffe ../Middlewares/ST/ARM/DSP/Lib\libarm_cortexM4lf_math.a(arm_bitreversal2.o)
 .debug_str     0x000d2b0a      0x736 ../Middlewares/ST/ARM/DSP/Lib\libarm_cortexM4lf_math.a(arm_cmplx_mag_f32.o)
 .debug_str     0x000d2b0a      0xf92 ../Middlewares/ST/ARM/DSP/Lib\libarm_cortexM4lf_math.a(arm_common_tables.o)
 .debug_str     0x000d2b0a     0x1412 ../Middlewares/ST/ARM/DSP/Lib\libarm_cortexM4lf_math.a(arm_cfft_init_f32.o)
 .debug_str     0x000d2b0a      0x69d ../Middlewares/ST/ARM/DSP/Lib\libarm_cortexM4lf_math.a(arm_cfft_radix8_f32.o)
 .debug_str     0x000d2b0a     0x17bc ../Middlewares/ST/ARM/DSP/Lib\libarm_cortexM4lf_math.a(arm_const_structs.o)

.comment        0x00000000       0xbc
 .comment       0x00000000       0xbc ./Core/Src/main.o
                                 0x44 (size before relaxing)
 .comment       0x000000bc       0x44 ./Core/Src/stm32l4xx_hal_msp.o
 .comment       0x000000bc       0x44 ./Core/Src/stm32l4xx_it.o
 .comment       0x000000bc       0x44 ./Core/Src/sysmem.o
 .comment       0x000000bc       0x44 ./Core/Src/system_stm32l4xx.o
 .comment       0x000000bc       0x44 ./Drivers/STM32L4xx_HAL_Driver/Src/stm32l4xx_hal.o
 .comment       0x000000bc       0x44 ./Drivers/STM32L4xx_HAL_Driver/Src/stm32l4xx_hal_adc.o
 .comment       0x000000bc       0x44 ./Drivers/STM32L4xx_HAL_Driver/Src/stm32l4xx_hal_adc_ex.o
 .comment       0x000000bc       0x44 ./Drivers/STM32L4xx_HAL_Driver/Src/stm32l4xx_hal_cortex.o
 .comment       0x000000bc       0x44 ./Drivers/STM32L4xx_HAL_Driver/Src/stm32l4xx_hal_gpio.o
 .comment       0x000000bc       0x44 ./Drivers/STM32L4xx_HAL_Driver/Src/stm32l4xx_hal_pwr_ex.o
 .comment       0x000000bc       0x44 ./Drivers/STM32L4xx_HAL_Driver/Src/stm32l4xx_hal_rcc.o
 .comment       0x000000bc       0x44 ./Drivers/STM32L4xx_HAL_Driver/Src/stm32l4xx_hal_rcc_ex.o
 .comment       0x000000bc       0x44 ./Drivers/STM32L4xx_HAL_Driver/Src/stm32l4xx_hal_uart.o
 .comment       0x000000bc       0x7a ../Middlewares/ST/ARM/DSP/Lib\libarm_cortexM4lf_math.a(arm_max_f32.o)
 .comment       0x000000bc       0x7a ../Middlewares/ST/ARM/DSP/Lib\libarm_cortexM4lf_math.a(arm_rfft_fast_init_f32.o)
 .comment       0x000000bc       0x7a ../Middlewares/ST/ARM/DSP/Lib\libarm_cortexM4lf_math.a(arm_rfft_fast_f32.o)
 .comment       0x000000bc       0x7a ../Middlewares/ST/ARM/DSP/Lib\libarm_cortexM4lf_math.a(arm_cfft_f32.o)
 .comment       0x000000bc       0x7a ../Middlewares/ST/ARM/DSP/Lib\libarm_cortexM4lf_math.a(arm_bitreversal2.o)
 .comment       0x000000bc       0x7a ../Middlewares/ST/ARM/DSP/Lib\libarm_cortexM4lf_math.a(arm_cmplx_mag_f32.o)
 .comment       0x000000bc       0x7a ../Middlewares/ST/ARM/DSP/Lib\libarm_cortexM4lf_math.a(arm_common_tables.o)
 .comment       0x000000bc       0x7a ../Middlewares/ST/ARM/DSP/Lib\libarm_cortexM4lf_math.a(arm_cfft_init_f32.o)
 .comment       0x000000bc       0x7a ../Middlewares/ST/ARM/DSP/Lib\libarm_cortexM4lf_math.a(arm_cfft_radix8_f32.o)
 .comment       0x000000bc       0x7a ../Middlewares/ST/ARM/DSP/Lib\libarm_cortexM4lf_math.a(arm_const_structs.o)

.debug_frame    0x00000000     0x3cfc
 .debug_frame   0x00000000      0x118 ./Core/Src/main.o
 .debug_frame   0x00000118       0xd0 ./Core/Src/stm32l4xx_hal_msp.o
 .debug_frame   0x000001e8      0x120 ./Core/Src/stm32l4xx_it.o
 .debug_frame   0x00000308       0x34 ./Core/Src/sysmem.o
 .debug_frame   0x0000033c       0x58 ./Core/Src/system_stm32l4xx.o
 .debug_frame   0x00000394      0x3dc ./Drivers/STM32L4xx_HAL_Driver/Src/stm32l4xx_hal.o
 .debug_frame   0x00000770      0x9b0 ./Drivers/STM32L4xx_HAL_Driver/Src/stm32l4xx_hal_adc.o
 .debug_frame   0x00001120      0x68c ./Drivers/STM32L4xx_HAL_Driver/Src/stm32l4xx_hal_adc_ex.o
 .debug_frame   0x000017ac      0x4e8 ./Drivers/STM32L4xx_HAL_Driver/Src/stm32l4xx_hal_cortex.o
 .debug_frame   0x00001c94      0x14c ./Drivers/STM32L4xx_HAL_Driver/Src/stm32l4xx_hal_gpio.o
 .debug_frame   0x00001de0      0x4a4 ./Drivers/STM32L4xx_HAL_Driver/Src/stm32l4xx_hal_pwr_ex.o
 .debug_frame   0x00002284      0x21c ./Drivers/STM32L4xx_HAL_Driver/Src/stm32l4xx_hal_rcc.o
 .debug_frame   0x000024a0      0x3d0 ./Drivers/STM32L4xx_HAL_Driver/Src/stm32l4xx_hal_rcc_ex.o
 .debug_frame   0x00002870      0x9f4 ./Drivers/STM32L4xx_HAL_Driver/Src/stm32l4xx_hal_uart.o
 .debug_frame   0x00003264       0x30 ../Middlewares/ST/ARM/DSP/Lib\libarm_cortexM4lf_math.a(arm_max_f32.o)
 .debug_frame   0x00003294      0x100 ../Middlewares/ST/ARM/DSP/Lib\libarm_cortexM4lf_math.a(arm_rfft_fast_init_f32.o)
 .debug_frame   0x00003394       0x7c ../Middlewares/ST/ARM/DSP/Lib\libarm_cortexM4lf_math.a(arm_rfft_fast_f32.o)
 .debug_frame   0x00003410      0x108 ../Middlewares/ST/ARM/DSP/Lib\libarm_cortexM4lf_math.a(arm_cfft_f32.o)
 .debug_frame   0x00003518       0x84 ../Middlewares/ST/ARM/DSP/Lib\libarm_cortexM4lf_math.a(arm_bitreversal2.o)
 .debug_frame   0x0000359c       0x4c ../Middlewares/ST/ARM/DSP/Lib\libarm_cortexM4lf_math.a(arm_cmplx_mag_f32.o)
 .debug_frame   0x000035e8       0x34 ../Middlewares/ST/ARM/DSP/Lib\libarm_cortexM4lf_math.a(arm_cfft_init_f32.o)
 .debug_frame   0x0000361c       0x94 ../Middlewares/ST/ARM/DSP/Lib\libarm_cortexM4lf_math.a(arm_cfft_radix8_f32.o)
 .debug_frame   0x000036b0      0x144 C:/ST/STM32CubeIDE_1.18.0/STM32CubeIDE/plugins/com.st.stm32cube.ide.mcu.externaltools.gnu-tools-for-stm32.13.3.rel1.win32_1.0.0.202411081344/tools/bin/../lib/gcc/arm-none-eabi/13.3.1/../../../../arm-none-eabi/lib/thumb/v7e-m+fp/hard\libc_nano.a(libc_a-findfp.o)